src/pages/AdminDashboard.tsx(2,82): error TS2792: Cannot find module 'react-router-dom'. Did you mean to set the 'moduleResolution' option to 'nodenext', or to add aliases to the 'paths' option?
src/pages/AdminDashboard.tsx(56,8): error TS2792: Cannot find module 'lucide-react'. Did you mean to set the 'moduleResolution' option to 'nodenext', or to add aliases to the 'paths' option?
src/pages/AdminDashboard.tsx(57,69): error TS2792: Cannot find module '@/src/lib/masks'. Did you mean to set the 'moduleResolution' option to 'nodenext', or to add aliases to the 'paths' option?
src/pages/AdminDashboard.tsx(73,8): error TS2792: Cannot find module 'date-fns'. Did you mean to set the 'moduleResolution' option to 'nodenext', or to add aliases to the 'paths' option?
src/pages/AdminDashboard.tsx(74,22): error TS2792: Cannot find module 'date-fns/locale'. Did you mean to set the 'moduleResolution' option to 'nodenext', or to add aliases to the 'paths' option?
src/pages/AdminDashboard.tsx(75,20): error TS2792: Cannot find module '@/src/lib/utils'. Did you mean to set the 'moduleResolution' option to 'nodenext', or to add aliases to the 'paths' option?
src/pages/AdminDashboard.tsx(76,24): error TS2792: Cannot find module '@/src/components/ui/Button'. Did you mean to set the 'moduleResolution' option to 'nodenext', or to add aliases to the 'paths' option?
src/pages/AdminDashboard.tsx(77,23): error TS2792: Cannot find module '@/src/components/ui/Modal'. Did you mean to set the 'moduleResolution' option to 'nodenext', or to add aliases to the 'paths' option?
src/pages/AdminDashboard.tsx(78,26): error TS2792: Cannot find module '@/src/components/ui/StatCard'. Did you mean to set the 'moduleResolution' option to 'nodenext', or to add aliases to the 'paths' option?
src/pages/AdminDashboard.tsx(79,30): error TS2792: Cannot find module '@/src/pages/admin/tabs/DashboardTab'. Did you mean to set the 'moduleResolution' option to 'nodenext', or to add aliases to the 'paths' option?
src/pages/AdminDashboard.tsx(80,29): error TS2792: Cannot find module '@/src/pages/admin/tabs/ComandasTab'. Did you mean to set the 'moduleResolution' option to 'nodenext', or to add aliases to the 'paths' option?
src/pages/AdminDashboard.tsx(81,26): error TS2792: Cannot find module '@/src/pages/admin/tabs/FluxoTab'. Did you mean to set the 'moduleResolution' option to 'nodenext', or to add aliases to the 'paths' option?
src/pages/AdminDashboard.tsx(82,34): error TS2792: Cannot find module '@/src/pages/admin/tabs/ProfessionalsTab'. Did you mean to set the 'moduleResolution' option to 'nodenext', or to add aliases to the 'paths' option?
src/pages/AdminDashboard.tsx(83,29): error TS2792: Cannot find module '@/src/pages/admin/tabs/HorariosTab'. Did you mean to set the 'moduleResolution' option to 'nodenext', or to add aliases to the 'paths' option?
src/pages/AdminDashboard.tsx(84,29): error TS2792: Cannot find module '@/src/pages/admin/tabs/SettingsTab'. Did you mean to set the 'moduleResolution' option to 'nodenext', or to add aliases to the 'paths' option?
src/pages/AdminDashboard.tsx(85,28): error TS2792: Cannot find module '@/src/pages/admin/tabs/ClientsTab'. Did you mean to set the 'moduleResolution' option to 'nodenext', or to add aliases to the 'paths' option?
src/pages/AdminDashboard.tsx(86,29): error TS2792: Cannot find module '@/src/pages/admin/tabs/ServicesTab'. Did you mean to set the 'moduleResolution' option to 'nodenext', or to add aliases to the 'paths' option?
src/pages/AdminDashboard.tsx(87,27): error TS2792: Cannot find module '@/src/pages/admin/tabs/AgendaTab'. Did you mean to set the 'moduleResolution' option to 'nodenext', or to add aliases to the 'paths' option?
src/pages/AdminDashboard.tsx(88,32): error TS2792: Cannot find module '@/src/pages/admin/tabs/MinhaAgendaTab'. Did you mean to set the 'moduleResolution' option to 'nodenext', or to add aliases to the 'paths' option?
src/pages/AdminDashboard.tsx(89,41): error TS2792: Cannot find module 'motion/react'. Did you mean to set the 'moduleResolution' option to 'nodenext', or to add aliases to the 'paths' option?
src/pages/AdminDashboard.tsx(101,8): error TS2792: Cannot find module 'recharts'. Did you mean to set the 'moduleResolution' option to 'nodenext', or to add aliases to the 'paths' option?
src/pages/AdminDashboard.tsx(666,5): error TS2339: Property 'div' does not exist on type 'JSX.IntrinsicElements'.
src/pages/AdminDashboard.tsx(669,9): error TS2339: Property 'div' does not exist on type 'JSX.IntrinsicElements'.
src/pages/AdminDashboard.tsx(670,11): error TS2339: Property 'div' does not exist on type 'JSX.IntrinsicElements'.
src/pages/AdminDashboard.tsx(671,13): error TS2339: Property 'span' does not exist on type 'JSX.IntrinsicElements'.
src/pages/AdminDashboard.tsx(673,13): error TS2339: Property 'span' does not exist on type 'JSX.IntrinsicElements'.
src/pages/AdminDashboard.tsx(675,11): error TS2339: Property 'div' does not exist on type 'JSX.IntrinsicElements'.
src/pages/AdminDashboard.tsx(676,11): error TS2339: Property 'div' does not exist on type 'JSX.IntrinsicElements'.
src/pages/AdminDashboard.tsx(677,9): error TS2339: Property 'div' does not exist on type 'JSX.IntrinsicElements'.
src/pages/AdminDashboard.tsx(682,9): error TS2339: Property 'div' does not exist on type 'JSX.IntrinsicElements'.
src/pages/AdminDashboard.tsx(686,7): error TS2339: Property 'aside' does not exist on type 'JSX.IntrinsicElements'.
src/pages/AdminDashboard.tsx(691,9): error TS2339: Property 'div' does not exist on type 'JSX.IntrinsicElements'.
src/pages/AdminDashboard.tsx(692,11): error TS2339: Property 'div' does not exist on type 'JSX.IntrinsicElements'.
src/pages/AdminDashboard.tsx(693,13): error TS2339: Property 'div' does not exist on type 'JSX.IntrinsicElements'.
src/pages/AdminDashboard.tsx(695,13): error TS2339: Property 'div' does not exist on type 'JSX.IntrinsicElements'.
src/pages/AdminDashboard.tsx(696,13): error TS2339: Property 'div' does not exist on type 'JSX.IntrinsicElements'.
src/pages/AdminDashboard.tsx(697,15): error TS2339: Property 'h1' does not exist on type 'JSX.IntrinsicElements'.
src/pages/AdminDashboard.tsx(697,122): error TS2339: Property 'h1' does not exist on type 'JSX.IntrinsicElements'.
src/pages/AdminDashboard.tsx(698,15): error TS2339: Property 'p' does not exist on type 'JSX.IntrinsicElements'.
src/pages/AdminDashboard.tsx(698,111): error TS2339: Property 'p' does not exist on type 'JSX.IntrinsicElements'.
src/pages/AdminDashboard.tsx(699,13): error TS2339: Property 'div' does not exist on type 'JSX.IntrinsicElements'.
src/pages/AdminDashboard.tsx(700,11): error TS2339: Property 'div' does not exist on type 'JSX.IntrinsicElements'.
src/pages/AdminDashboard.tsx(701,9): error TS2339: Property 'div' does not exist on type 'JSX.IntrinsicElements'.
src/pages/AdminDashboard.tsx(703,9): error TS2339: Property 'nav' does not exist on type 'JSX.IntrinsicElements'.
src/pages/AdminDashboard.tsx(704,11): error TS2339: Property 'div' does not exist on type 'JSX.IntrinsicElements'.
src/pages/AdminDashboard.tsx(705,13): error TS2339: Property 'p' does not exist on type 'JSX.IntrinsicElements'.
src/pages/AdminDashboard.tsx(705,99): error TS2339: Property 'p' does not exist on type 'JSX.IntrinsicElements'.
src/pages/AdminDashboard.tsx(706,11): error TS2339: Property 'div' does not exist on type 'JSX.IntrinsicElements'.
src/pages/AdminDashboard.tsx(726,11): error TS2339: Property 'div' does not exist on type 'JSX.IntrinsicElements'.
src/pages/AdminDashboard.tsx(727,13): error TS2339: Property 'p' does not exist on type 'JSX.IntrinsicElements'.
src/pages/AdminDashboard.tsx(727,101): error TS2339: Property 'p' does not exist on type 'JSX.IntrinsicElements'.
src/pages/AdminDashboard.tsx(728,11): error TS2339: Property 'div' does not exist on type 'JSX.IntrinsicElements'.
src/pages/AdminDashboard.tsx(760,11): error TS2339: Property 'div' does not exist on type 'JSX.IntrinsicElements'.
src/pages/AdminDashboard.tsx(761,13): error TS2339: Property 'p' does not exist on type 'JSX.IntrinsicElements'.
src/pages/AdminDashboard.tsx(761,97): error TS2339: Property 'p' does not exist on type 'JSX.IntrinsicElements'.
src/pages/AdminDashboard.tsx(762,11): error TS2339: Property 'div' does not exist on type 'JSX.IntrinsicElements'.
src/pages/AdminDashboard.tsx(775,9): error TS2339: Property 'nav' does not exist on type 'JSX.IntrinsicElements'.
src/pages/AdminDashboard.tsx(777,9): error TS2339: Property 'div' does not exist on type 'JSX.IntrinsicElements'.
src/pages/AdminDashboard.tsx(778,11): error TS2339: Property 'div' does not exist on type 'JSX.IntrinsicElements'.
src/pages/AdminDashboard.tsx(779,13): error TS2339: Property 'div' does not exist on type 'JSX.IntrinsicElements'.
src/pages/AdminDashboard.tsx(781,13): error TS2339: Property 'div' does not exist on type 'JSX.IntrinsicElements'.
src/pages/AdminDashboard.tsx(782,13): error TS2339: Property 'div' does not exist on type 'JSX.IntrinsicElements'.
src/pages/AdminDashboard.tsx(783,15): error TS2339: Property 'p' does not exist on type 'JSX.IntrinsicElements'.
src/pages/AdminDashboard.tsx(783,83): error TS2339: Property 'p' does not exist on type 'JSX.IntrinsicElements'.
src/pages/AdminDashboard.tsx(784,15): error TS2339: Property 'p' does not exist on type 'JSX.IntrinsicElements'.
src/pages/AdminDashboard.tsx(784,85): error TS2339: Property 'p' does not exist on type 'JSX.IntrinsicElements'.
src/pages/AdminDashboard.tsx(785,13): error TS2339: Property 'div' does not exist on type 'JSX.IntrinsicElements'.
src/pages/AdminDashboard.tsx(786,11): error TS2339: Property 'div' does not exist on type 'JSX.IntrinsicElements'.
src/pages/AdminDashboard.tsx(787,11): error TS2339: Property 'button' does not exist on type 'JSX.IntrinsicElements'.
src/pages/AdminDashboard.tsx(789,13): error TS2339: Property 'span' does not exist on type 'JSX.IntrinsicElements'.
src/pages/AdminDashboard.tsx(789,34): error TS2339: Property 'span' does not exist on type 'JSX.IntrinsicElements'.
src/pages/AdminDashboard.tsx(790,11): error TS2339: Property 'button' does not exist on type 'JSX.IntrinsicElements'.
src/pages/AdminDashboard.tsx(791,9): error TS2339: Property 'div' does not exist on type 'JSX.IntrinsicElements'.
src/pages/AdminDashboard.tsx(792,7): error TS2339: Property 'aside' does not exist on type 'JSX.IntrinsicElements'.
src/pages/AdminDashboard.tsx(795,7): error TS2339: Property 'main' does not exist on type 'JSX.IntrinsicElements'.
src/pages/AdminDashboard.tsx(797,9): error TS2339: Property 'header' does not exist on type 'JSX.IntrinsicElements'.
src/pages/AdminDashboard.tsx(798,11): error TS2339: Property 'div' does not exist on type 'JSX.IntrinsicElements'.
src/pages/AdminDashboard.tsx(800,13): error TS2339: Property 'button' does not exist on type 'JSX.IntrinsicElements'.
src/pages/AdminDashboard.tsx(802,13): error TS2339: Property 'button' does not exist on type 'JSX.IntrinsicElements'.
src/pages/AdminDashboard.tsx(803,13): error TS2339: Property 'div' does not exist on type 'JSX.IntrinsicElements'.
src/pages/AdminDashboard.tsx(804,15): error TS2339: Property 'h2' does not exist on type 'JSX.IntrinsicElements'.
src/pages/AdminDashboard.tsx(814,15): error TS2339: Property 'h2' does not exist on type 'JSX.IntrinsicElements'.
src/pages/AdminDashboard.tsx(815,15): error TS2339: Property 'p' does not exist on type 'JSX.IntrinsicElements'.
src/pages/AdminDashboard.tsx(817,15): error TS2339: Property 'p' does not exist on type 'JSX.IntrinsicElements'.
src/pages/AdminDashboard.tsx(818,13): error TS2339: Property 'div' does not exist on type 'JSX.IntrinsicElements'.
src/pages/AdminDashboard.tsx(819,11): error TS2339: Property 'div' does not exist on type 'JSX.IntrinsicElements'.
src/pages/AdminDashboard.tsx(821,11): error TS2339: Property 'div' does not exist on type 'JSX.IntrinsicElements'.
src/pages/AdminDashboard.tsx(823,13): error TS2339: Property 'div' does not exist on type 'JSX.IntrinsicElements'.
src/pages/AdminDashboard.tsx(824,15): error TS2339: Property 'button' does not exist on type 'JSX.IntrinsicElements'.
src/pages/AdminDashboard.tsx(832,17): error TS2339: Property 'span' does not exist on type 'JSX.IntrinsicElements'.
src/pages/AdminDashboard.tsx(832,114): error TS2339: Property 'span' does not exist on type 'JSX.IntrinsicElements'.
src/pages/AdminDashboard.tsx(833,15): error TS2339: Property 'button' does not exist on type 'JSX.IntrinsicElements'.
src/pages/AdminDashboard.tsx(838,21): error TS2339: Property 'div' does not exist on type 'JSX.IntrinsicElements'.
src/pages/AdminDashboard.tsx(845,23): error TS2339: Property 'div' does not exist on type 'JSX.IntrinsicElements'.
src/pages/AdminDashboard.tsx(846,25): error TS2339: Property 'p' does not exist on type 'JSX.IntrinsicElements'.
src/pages/AdminDashboard.tsx(846,115): error TS2339: Property 'p' does not exist on type 'JSX.IntrinsicElements'.
src/pages/AdminDashboard.tsx(847,25): error TS2339: Property 'span' does not exist on type 'JSX.IntrinsicElements'.
src/pages/AdminDashboard.tsx(847,125): error TS2339: Property 'span' does not exist on type 'JSX.IntrinsicElements'.
src/pages/AdminDashboard.tsx(848,23): error TS2339: Property 'div' does not exist on type 'JSX.IntrinsicElements'.
src/pages/AdminDashboard.tsx(849,23): error TS2339: Property 'div' does not exist on type 'JSX.IntrinsicElements'.
src/pages/AdminDashboard.tsx(850,25): error TS2339: Property 'div' does not exist on type 'JSX.IntrinsicElements'.
src/pages/AdminDashboard.tsx(851,27): error TS2339: Property 'div' does not exist on type 'JSX.IntrinsicElements'.
src/pages/AdminDashboard.tsx(852,29): error TS2339: Property 'div' does not exist on type 'JSX.IntrinsicElements'.
src/pages/AdminDashboard.tsx(854,29): error TS2339: Property 'div' does not exist on type 'JSX.IntrinsicElements'.
src/pages/AdminDashboard.tsx(855,29): error TS2339: Property 'div' does not exist on type 'JSX.IntrinsicElements'.
src/pages/AdminDashboard.tsx(856,31): error TS2339: Property 'p' does not exist on type 'JSX.IntrinsicElements'.
src/pages/AdminDashboard.tsx(856,94): error TS2339: Property 'p' does not exist on type 'JSX.IntrinsicElements'.
src/pages/AdminDashboard.tsx(857,31): error TS2339: Property 'p' does not exist on type 'JSX.IntrinsicElements'.
src/pages/AdminDashboard.tsx(857,136): error TS2339: Property 'p' does not exist on type 'JSX.IntrinsicElements'.
src/pages/AdminDashboard.tsx(858,29): error TS2339: Property 'div' does not exist on type 'JSX.IntrinsicElements'.
src/pages/AdminDashboard.tsx(859,27): error TS2339: Property 'div' does not exist on type 'JSX.IntrinsicElements'.
src/pages/AdminDashboard.tsx(860,25): error TS2339: Property 'div' does not exist on type 'JSX.IntrinsicElements'.
src/pages/AdminDashboard.tsx(861,25): error TS2339: Property 'div' does not exist on type 'JSX.IntrinsicElements'.
src/pages/AdminDashboard.tsx(862,27): error TS2339: Property 'div' does not exist on type 'JSX.IntrinsicElements'.
src/pages/AdminDashboard.tsx(863,29): error TS2339: Property 'div' does not exist on type 'JSX.IntrinsicElements'.
src/pages/AdminDashboard.tsx(865,29): error TS2339: Property 'div' does not exist on type 'JSX.IntrinsicElements'.
src/pages/AdminDashboard.tsx(866,29): error TS2339: Property 'div' does not exist on type 'JSX.IntrinsicElements'.
src/pages/AdminDashboard.tsx(867,31): error TS2339: Property 'p' does not exist on type 'JSX.IntrinsicElements'.
src/pages/AdminDashboard.tsx(867,97): error TS2339: Property 'p' does not exist on type 'JSX.IntrinsicElements'.
src/pages/AdminDashboard.tsx(868,31): error TS2339: Property 'p' does not exist on type 'JSX.IntrinsicElements'.
src/pages/AdminDashboard.tsx(868,131): error TS2339: Property 'p' does not exist on type 'JSX.IntrinsicElements'.
src/pages/AdminDashboard.tsx(869,29): error TS2339: Property 'div' does not exist on type 'JSX.IntrinsicElements'.
src/pages/AdminDashboard.tsx(870,27): error TS2339: Property 'div' does not exist on type 'JSX.IntrinsicElements'.
src/pages/AdminDashboard.tsx(871,25): error TS2339: Property 'div' does not exist on type 'JSX.IntrinsicElements'.
src/pages/AdminDashboard.tsx(872,23): error TS2339: Property 'div' does not exist on type 'JSX.IntrinsicElements'.
src/pages/AdminDashboard.tsx(873,23): error TS2339: Property 'button' does not exist on type 'JSX.IntrinsicElements'.
src/pages/AdminDashboard.tsx(875,23): error TS2339: Property 'button' does not exist on type 'JSX.IntrinsicElements'.
src/pages/AdminDashboard.tsx(880,13): error TS2339: Property 'div' does not exist on type 'JSX.IntrinsicElements'.
src/pages/AdminDashboard.tsx(882,13): error TS2339: Property 'div' does not exist on type 'JSX.IntrinsicElements'.
src/pages/AdminDashboard.tsx(882,72): error TS2339: Property 'div' does not exist on type 'JSX.IntrinsicElements'.
src/pages/AdminDashboard.tsx(885,13): error TS2339: Property 'div' does not exist on type 'JSX.IntrinsicElements'.
src/pages/AdminDashboard.tsx(886,15): error TS2339: Property 'button' does not exist on type 'JSX.IntrinsicElements'.
src/pages/AdminDashboard.tsx(890,17): error TS2339: Property 'div' does not exist on type 'JSX.IntrinsicElements'.
src/pages/AdminDashboard.tsx(891,19): error TS2339: Property 'p' does not exist on type 'JSX.IntrinsicElements'.
src/pages/AdminDashboard.tsx(891,96): error TS2339: Property 'p' does not exist on type 'JSX.IntrinsicElements'.
src/pages/AdminDashboard.tsx(892,19): error TS2339: Property 'p' does not exist on type 'JSX.IntrinsicElements'.
src/pages/AdminDashboard.tsx(892,111): error TS2339: Property 'p' does not exist on type 'JSX.IntrinsicElements'.
src/pages/AdminDashboard.tsx(893,17): error TS2339: Property 'div' does not exist on type 'JSX.IntrinsicElements'.
src/pages/AdminDashboard.tsx(894,17): error TS2339: Property 'div' does not exist on type 'JSX.IntrinsicElements'.
src/pages/AdminDashboard.tsx(895,19): error TS2339: Property 'span' does not exist on type 'JSX.IntrinsicElements'.
src/pages/AdminDashboard.tsx(895,58): error TS2339: Property 'span' does not exist on type 'JSX.IntrinsicElements'.
src/pages/AdminDashboard.tsx(896,17): error TS2339: Property 'div' does not exist on type 'JSX.IntrinsicElements'.
src/pages/AdminDashboard.tsx(898,15): error TS2339: Property 'button' does not exist on type 'JSX.IntrinsicElements'.
src/pages/AdminDashboard.tsx(903,21): error TS2339: Property 'div' does not exist on type 'JSX.IntrinsicElements'.
src/pages/AdminDashboard.tsx(910,23): error TS2339: Property 'div' does not exist on type 'JSX.IntrinsicElements'.
src/pages/AdminDashboard.tsx(911,25): error TS2339: Property 'p' does not exist on type 'JSX.IntrinsicElements'.
src/pages/AdminDashboard.tsx(911,107): error TS2339: Property 'p' does not exist on type 'JSX.IntrinsicElements'.
src/pages/AdminDashboard.tsx(912,25): error TS2339: Property 'p' does not exist on type 'JSX.IntrinsicElements'.
src/pages/AdminDashboard.tsx(912,106): error TS2339: Property 'p' does not exist on type 'JSX.IntrinsicElements'.
src/pages/AdminDashboard.tsx(913,23): error TS2339: Property 'div' does not exist on type 'JSX.IntrinsicElements'.
src/pages/AdminDashboard.tsx(914,23): error TS2339: Property 'div' does not exist on type 'JSX.IntrinsicElements'.
src/pages/AdminDashboard.tsx(915,25): error TS2339: Property 'button' does not exist on type 'JSX.IntrinsicElements'.
src/pages/AdminDashboard.tsx(917,25): error TS2339: Property 'button' does not exist on type 'JSX.IntrinsicElements'.
src/pages/AdminDashboard.tsx(918,25): error TS2339: Property 'button' does not exist on type 'JSX.IntrinsicElements'.
src/pages/AdminDashboard.tsx(920,25): error TS2339: Property 'button' does not exist on type 'JSX.IntrinsicElements'.
src/pages/AdminDashboard.tsx(921,23): error TS2339: Property 'div' does not exist on type 'JSX.IntrinsicElements'.
src/pages/AdminDashboard.tsx(922,23): error TS2339: Property 'div' does not exist on type 'JSX.IntrinsicElements'.
src/pages/AdminDashboard.tsx(923,25): error TS2339: Property 'button' does not exist on type 'JSX.IntrinsicElements'.
src/pages/AdminDashboard.tsx(925,25): error TS2339: Property 'button' does not exist on type 'JSX.IntrinsicElements'.
src/pages/AdminDashboard.tsx(926,23): error TS2339: Property 'div' does not exist on type 'JSX.IntrinsicElements'.
src/pages/AdminDashboard.tsx(931,13): error TS2339: Property 'div' does not exist on type 'JSX.IntrinsicElements'.
src/pages/AdminDashboard.tsx(935,52): error TS2339: Property 'span' does not exist on type 'JSX.IntrinsicElements'.
src/pages/AdminDashboard.tsx(935,92): error TS2339: Property 'span' does not exist on type 'JSX.IntrinsicElements'.
src/pages/AdminDashboard.tsx(940,52): error TS2339: Property 'span' does not exist on type 'JSX.IntrinsicElements'.
src/pages/AdminDashboard.tsx(940,92): error TS2339: Property 'span' does not exist on type 'JSX.IntrinsicElements'.
src/pages/AdminDashboard.tsx(945,52): error TS2339: Property 'span' does not exist on type 'JSX.IntrinsicElements'.
src/pages/AdminDashboard.tsx(945,92): error TS2339: Property 'span' does not exist on type 'JSX.IntrinsicElements'.
src/pages/AdminDashboard.tsx(950,52): error TS2339: Property 'span' does not exist on type 'JSX.IntrinsicElements'.
src/pages/AdminDashboard.tsx(950,92): error TS2339: Property 'span' does not exist on type 'JSX.IntrinsicElements'.
src/pages/AdminDashboard.tsx(955,52): error TS2339: Property 'span' does not exist on type 'JSX.IntrinsicElements'.
src/pages/AdminDashboard.tsx(955,92): error TS2339: Property 'span' does not exist on type 'JSX.IntrinsicElements'.
src/pages/AdminDashboard.tsx(958,11): error TS2339: Property 'div' does not exist on type 'JSX.IntrinsicElements'.
src/pages/AdminDashboard.tsx(959,9): error TS2339: Property 'header' does not exist on type 'JSX.IntrinsicElements'.
src/pages/AdminDashboard.tsx(961,9): error TS2339: Property 'div' does not exist on type 'JSX.IntrinsicElements'.
src/pages/AdminDashboard.tsx(1083,3): error TS2339: Property 'div' does not exist on type 'JSX.IntrinsicElements'.
src/pages/AdminDashboard.tsx(1084,1): error TS2339: Property 'main' does not exist on type 'JSX.IntrinsicElements'.
src/pages/AdminDashboard.tsx(1088,9): error TS2339: Property 'div' does not exist on type 'JSX.IntrinsicElements'.
src/pages/AdminDashboard.tsx(1090,13): error TS2339: Property 'div' does not exist on type 'JSX.IntrinsicElements'.
src/pages/AdminDashboard.tsx(1091,15): error TS2339: Property 'button' does not exist on type 'JSX.IntrinsicElements'.
src/pages/AdminDashboard.tsx(1096,15): error TS2339: Property 'button' does not exist on type 'JSX.IntrinsicElements'.
src/pages/AdminDashboard.tsx(1097,15): error TS2339: Property 'button' does not exist on type 'JSX.IntrinsicElements'.
src/pages/AdminDashboard.tsx(1102,15): error TS2339: Property 'button' does not exist on type 'JSX.IntrinsicElements'.
src/pages/AdminDashboard.tsx(1103,13): error TS2339: Property 'div' does not exist on type 'JSX.IntrinsicElements'.
src/pages/AdminDashboard.tsx(1106,11): error TS2339: Property 'div' does not exist on type 'JSX.IntrinsicElements'.
src/pages/AdminDashboard.tsx(1107,13): error TS2339: Property 'label' does not exist on type 'JSX.IntrinsicElements'.
src/pages/AdminDashboard.tsx(1107,103): error TS2339: Property 'label' does not exist on type 'JSX.IntrinsicElements'.
src/pages/AdminDashboard.tsx(1108,13): error TS2339: Property 'input' does not exist on type 'JSX.IntrinsicElements'.
src/pages/AdminDashboard.tsx(1115,11): error TS2339: Property 'div' does not exist on type 'JSX.IntrinsicElements'.
src/pages/AdminDashboard.tsx(1117,11): error TS2339: Property 'div' does not exist on type 'JSX.IntrinsicElements'.
src/pages/AdminDashboard.tsx(1118,13): error TS2339: Property 'label' does not exist on type 'JSX.IntrinsicElements'.
src/pages/AdminDashboard.tsx(1118,119): error TS2339: Property 'label' does not exist on type 'JSX.IntrinsicElements'.
src/pages/AdminDashboard.tsx(1119,13): error TS2339: Property 'textarea' does not exist on type 'JSX.IntrinsicElements'.
src/pages/AdminDashboard.tsx(1126,11): error TS2339: Property 'div' does not exist on type 'JSX.IntrinsicElements'.
src/pages/AdminDashboard.tsx(1129,13): error TS2339: Property 'div' does not exist on type 'JSX.IntrinsicElements'.
src/pages/AdminDashboard.tsx(1130,15): error TS2339: Property 'label' does not exist on type 'JSX.IntrinsicElements'.
src/pages/AdminDashboard.tsx(1130,118): error TS2339: Property 'label' does not exist on type 'JSX.IntrinsicElements'.
src/pages/AdminDashboard.tsx(1131,15): error TS2339: Property 'select' does not exist on type 'JSX.IntrinsicElements'.
src/pages/AdminDashboard.tsx(1136,17): error TS2339: Property 'option' does not exist on type 'JSX.IntrinsicElements'.
src/pages/AdminDashboard.tsx(1136,63): error TS2339: Property 'option' does not exist on type 'JSX.IntrinsicElements'.
src/pages/AdminDashboard.tsx(1138,19): error TS2339: Property 'option' does not exist on type 'JSX.IntrinsicElements'.
src/pages/AdminDashboard.tsx(1138,74): error TS2339: Property 'option' does not exist on type 'JSX.IntrinsicElements'.
src/pages/AdminDashboard.tsx(1140,15): error TS2339: Property 'select' does not exist on type 'JSX.IntrinsicElements'.
src/pages/AdminDashboard.tsx(1141,15): error TS2339: Property 'div' does not exist on type 'JSX.IntrinsicElements'.
src/pages/AdminDashboard.tsx(1143,19): error TS2339: Property 'div' does not exist on type 'JSX.IntrinsicElements'.
src/pages/AdminDashboard.tsx(1144,21): error TS2339: Property 'span' does not exist on type 'JSX.IntrinsicElements'.
src/pages/AdminDashboard.tsx(1144,79): error TS2339: Property 'span' does not exist on type 'JSX.IntrinsicElements'.
src/pages/AdminDashboard.tsx(1145,21): error TS2339: Property 'div' does not exist on type 'JSX.IntrinsicElements'.
src/pages/AdminDashboard.tsx(1146,23): error TS2339: Property 'input' does not exist on type 'JSX.IntrinsicElements'.
src/pages/AdminDashboard.tsx(1155,23): error TS2339: Property 'button' does not exist on type 'JSX.IntrinsicElements'.
src/pages/AdminDashboard.tsx(1157,23): error TS2339: Property 'button' does not exist on type 'JSX.IntrinsicElements'.
src/pages/AdminDashboard.tsx(1158,21): error TS2339: Property 'div' does not exist on type 'JSX.IntrinsicElements'.
src/pages/AdminDashboard.tsx(1159,19): error TS2339: Property 'div' does not exist on type 'JSX.IntrinsicElements'.
src/pages/AdminDashboard.tsx(1161,15): error TS2339: Property 'div' does not exist on type 'JSX.IntrinsicElements'.
src/pages/AdminDashboard.tsx(1162,13): error TS2339: Property 'div' does not exist on type 'JSX.IntrinsicElements'.
src/pages/AdminDashboard.tsx(1165,11): error TS2339: Property 'div' does not exist on type 'JSX.IntrinsicElements'.
src/pages/AdminDashboard.tsx(1166,13): error TS2339: Property 'div' does not exist on type 'JSX.IntrinsicElements'.
src/pages/AdminDashboard.tsx(1167,15): error TS2339: Property 'label' does not exist on type 'JSX.IntrinsicElements'.
src/pages/AdminDashboard.tsx(1167,111): error TS2339: Property 'label' does not exist on type 'JSX.IntrinsicElements'.
src/pages/AdminDashboard.tsx(1168,15): error TS2339: Property 'input' does not exist on type 'JSX.IntrinsicElements'.
src/pages/AdminDashboard.tsx(1175,13): error TS2339: Property 'div' does not exist on type 'JSX.IntrinsicElements'.
src/pages/AdminDashboard.tsx(1176,13): error TS2339: Property 'div' does not exist on type 'JSX.IntrinsicElements'.
src/pages/AdminDashboard.tsx(1177,15): error TS2339: Property 'label' does not exist on type 'JSX.IntrinsicElements'.
src/pages/AdminDashboard.tsx(1177,114): error TS2339: Property 'label' does not exist on type 'JSX.IntrinsicElements'.
src/pages/AdminDashboard.tsx(1178,15): error TS2339: Property 'input' does not exist on type 'JSX.IntrinsicElements'.
src/pages/AdminDashboard.tsx(1185,13): error TS2339: Property 'div' does not exist on type 'JSX.IntrinsicElements'.
src/pages/AdminDashboard.tsx(1186,11): error TS2339: Property 'div' does not exist on type 'JSX.IntrinsicElements'.
src/pages/AdminDashboard.tsx(1188,11): error TS2339: Property 'div' does not exist on type 'JSX.IntrinsicElements'.
src/pages/AdminDashboard.tsx(1189,13): error TS2339: Property 'div' does not exist on type 'JSX.IntrinsicElements'.
src/pages/AdminDashboard.tsx(1190,15): error TS2339: Property 'label' does not exist on type 'JSX.IntrinsicElements'.
src/pages/AdminDashboard.tsx(1190,109): error TS2339: Property 'label' does not exist on type 'JSX.IntrinsicElements'.
src/pages/AdminDashboard.tsx(1191,15): error TS2339: Property 'div' does not exist on type 'JSX.IntrinsicElements'.
src/pages/AdminDashboard.tsx(1192,17): error TS2339: Property 'input' does not exist on type 'JSX.IntrinsicElements'.
src/pages/AdminDashboard.tsx(1199,17): error TS2339: Property 'select' does not exist on type 'JSX.IntrinsicElements'.
src/pages/AdminDashboard.tsx(1204,19): error TS2339: Property 'option' does not exist on type 'JSX.IntrinsicElements'.
src/pages/AdminDashboard.tsx(1204,43): error TS2339: Property 'option' does not exist on type 'JSX.IntrinsicElements'.
src/pages/AdminDashboard.tsx(1205,19): error TS2339: Property 'option' does not exist on type 'JSX.IntrinsicElements'.
src/pages/AdminDashboard.tsx(1205,47): error TS2339: Property 'option' does not exist on type 'JSX.IntrinsicElements'.
src/pages/AdminDashboard.tsx(1206,17): error TS2339: Property 'select' does not exist on type 'JSX.IntrinsicElements'.
src/pages/AdminDashboard.tsx(1207,15): error TS2339: Property 'div' does not exist on type 'JSX.IntrinsicElements'.
src/pages/AdminDashboard.tsx(1208,13): error TS2339: Property 'div' does not exist on type 'JSX.IntrinsicElements'.
src/pages/AdminDashboard.tsx(1209,13): error TS2339: Property 'div' does not exist on type 'JSX.IntrinsicElements'.
src/pages/AdminDashboard.tsx(1210,15): error TS2339: Property 'label' does not exist on type 'JSX.IntrinsicElements'.
src/pages/AdminDashboard.tsx(1210,112): error TS2339: Property 'label' does not exist on type 'JSX.IntrinsicElements'.
src/pages/AdminDashboard.tsx(1211,15): error TS2339: Property 'div' does not exist on type 'JSX.IntrinsicElements'.
src/pages/AdminDashboard.tsx(1217,15): error TS2339: Property 'div' does not exist on type 'JSX.IntrinsicElements'.
src/pages/AdminDashboard.tsx(1218,13): error TS2339: Property 'div' does not exist on type 'JSX.IntrinsicElements'.
src/pages/AdminDashboard.tsx(1219,11): error TS2339: Property 'div' does not exist on type 'JSX.IntrinsicElements'.
src/pages/AdminDashboard.tsx(1228,9): error TS2339: Property 'div' does not exist on type 'JSX.IntrinsicElements'.
src/pages/AdminDashboard.tsx(1252,15): error TS2339: Property 'div' does not exist on type 'JSX.IntrinsicElements'.
src/pages/AdminDashboard.tsx(1257,19): error TS2339: Property 'div' does not exist on type 'JSX.IntrinsicElements'.
src/pages/AdminDashboard.tsx(1258,21): error TS2339: Property 'div' does not exist on type 'JSX.IntrinsicElements'.
src/pages/AdminDashboard.tsx(1259,23): error TS2339: Property 'h2' does not exist on type 'JSX.IntrinsicElements'.
src/pages/AdminDashboard.tsx(1259,89): error TS2339: Property 'h2' does not exist on type 'JSX.IntrinsicElements'.
src/pages/AdminDashboard.tsx(1260,23): error TS2339: Property 'p' does not exist on type 'JSX.IntrinsicElements'.
src/pages/AdminDashboard.tsx(1262,23): error TS2339: Property 'p' does not exist on type 'JSX.IntrinsicElements'.
src/pages/AdminDashboard.tsx(1263,21): error TS2339: Property 'div' does not exist on type 'JSX.IntrinsicElements'.
src/pages/AdminDashboard.tsx(1264,21): error TS2339: Property 'button' does not exist on type 'JSX.IntrinsicElements'.
src/pages/AdminDashboard.tsx(1266,21): error TS2339: Property 'button' does not exist on type 'JSX.IntrinsicElements'.
src/pages/AdminDashboard.tsx(1267,19): error TS2339: Property 'div' does not exist on type 'JSX.IntrinsicElements'.
src/pages/AdminDashboard.tsx(1270,19): error TS2339: Property 'div' does not exist on type 'JSX.IntrinsicElements'.
src/pages/AdminDashboard.tsx(1271,21): error TS2339: Property 'div' does not exist on type 'JSX.IntrinsicElements'.
src/pages/AdminDashboard.tsx(1277,25): error TS2339: Property 'button' does not exist on type 'JSX.IntrinsicElements'.
src/pages/AdminDashboard.tsx(1287,25): error TS2339: Property 'button' does not exist on type 'JSX.IntrinsicElements'.
src/pages/AdminDashboard.tsx(1289,21): error TS2339: Property 'div' does not exist on type 'JSX.IntrinsicElements'.
src/pages/AdminDashboard.tsx(1290,19): error TS2339: Property 'div' does not exist on type 'JSX.IntrinsicElements'.
src/pages/AdminDashboard.tsx(1293,19): error TS2339: Property 'div' does not exist on type 'JSX.IntrinsicElements'.
src/pages/AdminDashboard.tsx(1295,23): error TS2339: Property 'div' does not exist on type 'JSX.IntrinsicElements'.
src/pages/AdminDashboard.tsx(1297,25): error TS2339: Property 'div' does not exist on type 'JSX.IntrinsicElements'.
src/pages/AdminDashboard.tsx(1298,27): error TS2339: Property 'div' does not exist on type 'JSX.IntrinsicElements'.
src/pages/AdminDashboard.tsx(1299,29): error TS2339: Property 'div' does not exist on type 'JSX.IntrinsicElements'.
src/pages/AdminDashboard.tsx(1300,29): error TS2339: Property 'p' does not exist on type 'JSX.IntrinsicElements'.
src/pages/AdminDashboard.tsx(1300,120): error TS2339: Property 'p' does not exist on type 'JSX.IntrinsicElements'.
src/pages/AdminDashboard.tsx(1301,27): error TS2339: Property 'div' does not exist on type 'JSX.IntrinsicElements'.
src/pages/AdminDashboard.tsx(1304,27): error TS2339: Property 'div' does not exist on type 'JSX.IntrinsicElements'.
src/pages/AdminDashboard.tsx(1305,29): error TS2339: Property 'label' does not exist on type 'JSX.IntrinsicElements'.
src/pages/AdminDashboard.tsx(1305,117): error TS2339: Property 'label' does not exist on type 'JSX.IntrinsicElements'.
src/pages/AdminDashboard.tsx(1306,29): error TS2339: Property 'div' does not exist on type 'JSX.IntrinsicElements'.
src/pages/AdminDashboard.tsx(1307,31): error TS2339: Property 'div' does not exist on type 'JSX.IntrinsicElements'.
src/pages/AdminDashboard.tsx(1307,121): error TS2339: Property 'div' does not exist on type 'JSX.IntrinsicElements'.
src/pages/AdminDashboard.tsx(1308,31): error TS2339: Property 'input' does not exist on type 'JSX.IntrinsicElements'.
src/pages/AdminDashboard.tsx(1314,31): error TS2339: Property 'div' does not exist on type 'JSX.IntrinsicElements'.
src/pages/AdminDashboard.tsx(1314,128): error TS2339: Property 'div' does not exist on type 'JSX.IntrinsicElements'.
src/pages/AdminDashboard.tsx(1316,33): error TS2339: Property 'div' does not exist on type 'JSX.IntrinsicElements'.
src/pages/AdminDashboard.tsx(1320,39): error TS2339: Property 'button' does not exist on type 'JSX.IntrinsicElements'.
src/pages/AdminDashboard.tsx(1322,41): error TS2339: Property 'div' does not exist on type 'JSX.IntrinsicElements'.
src/pages/AdminDashboard.tsx(1323,43): error TS2339: Property 'p' does not exist on type 'JSX.IntrinsicElements'.
src/pages/AdminDashboard.tsx(1323,90): error TS2339: Property 'p' does not exist on type 'JSX.IntrinsicElements'.
src/pages/AdminDashboard.tsx(1324,55): error TS2339: Property 'span' does not exist on type 'JSX.IntrinsicElements'.
src/pages/AdminDashboard.tsx(1324,196): error TS2339: Property 'span' does not exist on type 'JSX.IntrinsicElements'.
src/pages/AdminDashboard.tsx(1325,41): error TS2339: Property 'div' does not exist on type 'JSX.IntrinsicElements'.
src/pages/AdminDashboard.tsx(1326,41): error TS2339: Property 'p' does not exist on type 'JSX.IntrinsicElements'.
src/pages/AdminDashboard.tsx(1326,98): error TS2339: Property 'p' does not exist on type 'JSX.IntrinsicElements'.
src/pages/AdminDashboard.tsx(1327,39): error TS2339: Property 'button' does not exist on type 'JSX.IntrinsicElements'.
src/pages/AdminDashboard.tsx(1330,35): error TS2339: Property 'button' does not exist on type 'JSX.IntrinsicElements'.
src/pages/AdminDashboard.tsx(1333,35): error TS2339: Property 'button' does not exist on type 'JSX.IntrinsicElements'.
src/pages/AdminDashboard.tsx(1334,33): error TS2339: Property 'div' does not exist on type 'JSX.IntrinsicElements'.
src/pages/AdminDashboard.tsx(1336,29): error TS2339: Property 'div' does not exist on type 'JSX.IntrinsicElements'.
src/pages/AdminDashboard.tsx(1338,31): error TS2339: Property 'p' does not exist on type 'JSX.IntrinsicElements'.
src/pages/AdminDashboard.tsx(1340,31): error TS2339: Property 'p' does not exist on type 'JSX.IntrinsicElements'.
src/pages/AdminDashboard.tsx(1342,27): error TS2339: Property 'div' does not exist on type 'JSX.IntrinsicElements'.
src/pages/AdminDashboard.tsx(1345,27): error TS2339: Property 'div' does not exist on type 'JSX.IntrinsicElements'.
src/pages/AdminDashboard.tsx(1346,29): error TS2339: Property 'label' does not exist on type 'JSX.IntrinsicElements'.
src/pages/AdminDashboard.tsx(1346,127): error TS2339: Property 'label' does not exist on type 'JSX.IntrinsicElements'.
src/pages/AdminDashboard.tsx(1347,29): error TS2339: Property 'div' does not exist on type 'JSX.IntrinsicElements'.
src/pages/AdminDashboard.tsx(1348,31): error TS2339: Property 'select' does not exist on type 'JSX.IntrinsicElements'.
src/pages/AdminDashboard.tsx(1360,33): error TS2339: Property 'option' does not exist on type 'JSX.IntrinsicElements'.
src/pages/AdminDashboard.tsx(1360,63): error TS2339: Property 'option' does not exist on type 'JSX.IntrinsicElements'.
src/pages/AdminDashboard.tsx(1361,52): error TS2339: Property 'option' does not exist on type 'JSX.IntrinsicElements'.
src/pages/AdminDashboard.tsx(1361,126): error TS2339: Property 'option' does not exist on type 'JSX.IntrinsicElements'.
src/pages/AdminDashboard.tsx(1362,31): error TS2339: Property 'select' does not exist on type 'JSX.IntrinsicElements'.
src/pages/AdminDashboard.tsx(1364,29): error TS2339: Property 'div' does not exist on type 'JSX.IntrinsicElements'.
src/pages/AdminDashboard.tsx(1365,27): error TS2339: Property 'div' does not exist on type 'JSX.IntrinsicElements'.
src/pages/AdminDashboard.tsx(1368,27): error TS2339: Property 'div' does not exist on type 'JSX.IntrinsicElements'.
src/pages/AdminDashboard.tsx(1369,29): error TS2339: Property 'label' does not exist on type 'JSX.IntrinsicElements'.
src/pages/AdminDashboard.tsx(1369,116): error TS2339: Property 'label' does not exist on type 'JSX.IntrinsicElements'.
src/pages/AdminDashboard.tsx(1370,29): error TS2339: Property 'div' does not exist on type 'JSX.IntrinsicElements'.
src/pages/AdminDashboard.tsx(1371,31): error TS2339: Property 'select' does not exist on type 'JSX.IntrinsicElements'.
src/pages/AdminDashboard.tsx(1376,54): error TS2339: Property 'option' does not exist on type 'JSX.IntrinsicElements'.
src/pages/AdminDashboard.tsx(1376,101): error TS2339: Property 'option' does not exist on type 'JSX.IntrinsicElements'.
src/pages/AdminDashboard.tsx(1377,31): error TS2339: Property 'select' does not exist on type 'JSX.IntrinsicElements'.
src/pages/AdminDashboard.tsx(1379,29): error TS2339: Property 'div' does not exist on type 'JSX.IntrinsicElements'.
src/pages/AdminDashboard.tsx(1381,29): error TS2339: Property 'div' does not exist on type 'JSX.IntrinsicElements'.
src/pages/AdminDashboard.tsx(1384,29): error TS2339: Property 'div' does not exist on type 'JSX.IntrinsicElements'.
src/pages/AdminDashboard.tsx(1385,27): error TS2339: Property 'div' does not exist on type 'JSX.IntrinsicElements'.
src/pages/AdminDashboard.tsx(1386,25): error TS2339: Property 'div' does not exist on type 'JSX.IntrinsicElements'.
src/pages/AdminDashboard.tsx(1389,25): error TS2339: Property 'div' does not exist on type 'JSX.IntrinsicElements'.
src/pages/AdminDashboard.tsx(1390,27): error TS2339: Property 'div' does not exist on type 'JSX.IntrinsicElements'.
src/pages/AdminDashboard.tsx(1391,29): error TS2339: Property 'div' does not exist on type 'JSX.IntrinsicElements'.
src/pages/AdminDashboard.tsx(1392,29): error TS2339: Property 'p' does not exist on type 'JSX.IntrinsicElements'.
src/pages/AdminDashboard.tsx(1392,126): error TS2339: Property 'p' does not exist on type 'JSX.IntrinsicElements'.
src/pages/AdminDashboard.tsx(1393,27): error TS2339: Property 'div' does not exist on type 'JSX.IntrinsicElements'.
src/pages/AdminDashboard.tsx(1396,27): error TS2339: Property 'div' does not exist on type 'JSX.IntrinsicElements'.
src/pages/AdminDashboard.tsx(1397,29): error TS2339: Property 'div' does not exist on type 'JSX.IntrinsicElements'.
src/pages/AdminDashboard.tsx(1398,31): error TS2339: Property 'label' does not exist on type 'JSX.IntrinsicElements'.
src/pages/AdminDashboard.tsx(1398,115): error TS2339: Property 'label' does not exist on type 'JSX.IntrinsicElements'.
src/pages/AdminDashboard.tsx(1399,31): error TS2339: Property 'input' does not exist on type 'JSX.IntrinsicElements'.
src/pages/AdminDashboard.tsx(1404,29): error TS2339: Property 'div' does not exist on type 'JSX.IntrinsicElements'.
src/pages/AdminDashboard.tsx(1405,29): error TS2339: Property 'div' does not exist on type 'JSX.IntrinsicElements'.
src/pages/AdminDashboard.tsx(1406,31): error TS2339: Property 'label' does not exist on type 'JSX.IntrinsicElements'.
src/pages/AdminDashboard.tsx(1406,115): error TS2339: Property 'label' does not exist on type 'JSX.IntrinsicElements'.
src/pages/AdminDashboard.tsx(1407,31): error TS2339: Property 'input' does not exist on type 'JSX.IntrinsicElements'.
src/pages/AdminDashboard.tsx(1412,29): error TS2339: Property 'div' does not exist on type 'JSX.IntrinsicElements'.
src/pages/AdminDashboard.tsx(1413,29): error TS2339: Property 'div' does not exist on type 'JSX.IntrinsicElements'.
src/pages/AdminDashboard.tsx(1414,31): error TS2339: Property 'label' does not exist on type 'JSX.IntrinsicElements'.
src/pages/AdminDashboard.tsx(1414,124): error TS2339: Property 'label' does not exist on type 'JSX.IntrinsicElements'.
src/pages/AdminDashboard.tsx(1415,31): error TS2339: Property 'input' does not exist on type 'JSX.IntrinsicElements'.
src/pages/AdminDashboard.tsx(1420,29): error TS2339: Property 'div' does not exist on type 'JSX.IntrinsicElements'.
src/pages/AdminDashboard.tsx(1421,27): error TS2339: Property 'div' does not exist on type 'JSX.IntrinsicElements'.
src/pages/AdminDashboard.tsx(1424,27): error TS2339: Property 'div' does not exist on type 'JSX.IntrinsicElements'.
src/pages/AdminDashboard.tsx(1426,29): error TS2339: Property 'div' does not exist on type 'JSX.IntrinsicElements'.
src/pages/AdminDashboard.tsx(1427,31): error TS2339: Property 'p' does not exist on type 'JSX.IntrinsicElements'.
src/pages/AdminDashboard.tsx(1427,123): error TS2339: Property 'p' does not exist on type 'JSX.IntrinsicElements'.
src/pages/AdminDashboard.tsx(1428,31): error TS2339: Property 'p' does not exist on type 'JSX.IntrinsicElements'.
src/pages/AdminDashboard.tsx(1428,92): error TS2339: Property 'p' does not exist on type 'JSX.IntrinsicElements'.
src/pages/AdminDashboard.tsx(1429,29): error TS2339: Property 'div' does not exist on type 'JSX.IntrinsicElements'.
src/pages/AdminDashboard.tsx(1430,27): error TS2339: Property 'div' does not exist on type 'JSX.IntrinsicElements'.
src/pages/AdminDashboard.tsx(1433,27): error TS2339: Property 'div' does not exist on type 'JSX.IntrinsicElements'.
src/pages/AdminDashboard.tsx(1434,29): error TS2339: Property 'label' does not exist on type 'JSX.IntrinsicElements'.
src/pages/AdminDashboard.tsx(1434,134): error TS2339: Property 'label' does not exist on type 'JSX.IntrinsicElements'.
src/pages/AdminDashboard.tsx(1435,29): error TS2339: Property 'div' does not exist on type 'JSX.IntrinsicElements'.
src/pages/AdminDashboard.tsx(1436,31): error TS2339: Property 'div' does not exist on type 'JSX.IntrinsicElements'.
src/pages/AdminDashboard.tsx(1436,123): error TS2339: Property 'div' does not exist on type 'JSX.IntrinsicElements'.
src/pages/AdminDashboard.tsx(1437,31): error TS2339: Property 'select' does not exist on type 'JSX.IntrinsicElements'.
src/pages/AdminDashboard.tsx(1442,33): error TS2339: Property 'option' does not exist on type 'JSX.IntrinsicElements'.
src/pages/AdminDashboard.tsx(1442,59): error TS2339: Property 'option' does not exist on type 'JSX.IntrinsicElements'.
src/pages/AdminDashboard.tsx(1443,57): error TS2339: Property 'option' does not exist on type 'JSX.IntrinsicElements'.
src/pages/AdminDashboard.tsx(1443,97): error TS2339: Property 'option' does not exist on type 'JSX.IntrinsicElements'.
src/pages/AdminDashboard.tsx(1444,31): error TS2339: Property 'select' does not exist on type 'JSX.IntrinsicElements'.
src/pages/AdminDashboard.tsx(1446,29): error TS2339: Property 'div' does not exist on type 'JSX.IntrinsicElements'.
src/pages/AdminDashboard.tsx(1447,27): error TS2339: Property 'div' does not exist on type 'JSX.IntrinsicElements'.
src/pages/AdminDashboard.tsx(1450,27): error TS2339: Property 'button' does not exist on type 'JSX.IntrinsicElements'.
src/pages/AdminDashboard.tsx(1454,29): error TS2339: Property 'div' does not exist on type 'JSX.IntrinsicElements'.
src/pages/AdminDashboard.tsx(1455,31): error TS2339: Property 'svg' does not exist on type 'JSX.IntrinsicElements'.
src/pages/AdminDashboard.tsx(1456,33): error TS2339: Property 'path' does not exist on type 'JSX.IntrinsicElements'.
src/pages/AdminDashboard.tsx(1456,58): error TS2339: Property 'path' does not exist on type 'JSX.IntrinsicElements'.
src/pages/AdminDashboard.tsx(1456,92): error TS2339: Property 'path' does not exist on type 'JSX.IntrinsicElements'.
src/pages/AdminDashboard.tsx(1456,118): error TS2339: Property 'path' does not exist on type 'JSX.IntrinsicElements'.
src/pages/AdminDashboard.tsx(1457,31): error TS2339: Property 'svg' does not exist on type 'JSX.IntrinsicElements'.
src/pages/AdminDashboard.tsx(1458,29): error TS2339: Property 'div' does not exist on type 'JSX.IntrinsicElements'.
src/pages/AdminDashboard.tsx(1459,29): error TS2339: Property 'div' does not exist on type 'JSX.IntrinsicElements'.
src/pages/AdminDashboard.tsx(1460,31): error TS2339: Property 'p' does not exist on type 'JSX.IntrinsicElements'.
src/pages/AdminDashboard.tsx(1460,121): error TS2339: Property 'p' does not exist on type 'JSX.IntrinsicElements'.
src/pages/AdminDashboard.tsx(1461,31): error TS2339: Property 'p' does not exist on type 'JSX.IntrinsicElements'.
src/pages/AdminDashboard.tsx(1461,118): error TS2339: Property 'p' does not exist on type 'JSX.IntrinsicElements'.
src/pages/AdminDashboard.tsx(1462,29): error TS2339: Property 'div' does not exist on type 'JSX.IntrinsicElements'.
src/pages/AdminDashboard.tsx(1464,27): error TS2339: Property 'button' does not exist on type 'JSX.IntrinsicElements'.
src/pages/AdminDashboard.tsx(1465,25): error TS2339: Property 'div' does not exist on type 'JSX.IntrinsicElements'.
src/pages/AdminDashboard.tsx(1466,23): error TS2339: Property 'div' does not exist on type 'JSX.IntrinsicElements'.
src/pages/AdminDashboard.tsx(1471,23): error TS2339: Property 'div' does not exist on type 'JSX.IntrinsicElements'.
src/pages/AdminDashboard.tsx(1472,25): error TS2339: Property 'div' does not exist on type 'JSX.IntrinsicElements'.
src/pages/AdminDashboard.tsx(1478,25): error TS2339: Property 'div' does not exist on type 'JSX.IntrinsicElements'.
src/pages/AdminDashboard.tsx(1479,25): error TS2339: Property 'div' does not exist on type 'JSX.IntrinsicElements'.
src/pages/AdminDashboard.tsx(1480,27): error TS2339: Property 'div' does not exist on type 'JSX.IntrinsicElements'.
src/pages/AdminDashboard.tsx(1481,29): error TS2339: Property 'label' does not exist on type 'JSX.IntrinsicElements'.
src/pages/AdminDashboard.tsx(1481,113): error TS2339: Property 'label' does not exist on type 'JSX.IntrinsicElements'.
src/pages/AdminDashboard.tsx(1482,29): error TS2339: Property 'input' does not exist on type 'JSX.IntrinsicElements'.
src/pages/AdminDashboard.tsx(1485,27): error TS2339: Property 'div' does not exist on type 'JSX.IntrinsicElements'.
src/pages/AdminDashboard.tsx(1486,27): error TS2339: Property 'div' does not exist on type 'JSX.IntrinsicElements'.
src/pages/AdminDashboard.tsx(1487,29): error TS2339: Property 'label' does not exist on type 'JSX.IntrinsicElements'.
src/pages/AdminDashboard.tsx(1487,113): error TS2339: Property 'label' does not exist on type 'JSX.IntrinsicElements'.
src/pages/AdminDashboard.tsx(1488,29): error TS2339: Property 'input' does not exist on type 'JSX.IntrinsicElements'.
src/pages/AdminDashboard.tsx(1491,27): error TS2339: Property 'div' does not exist on type 'JSX.IntrinsicElements'.
src/pages/AdminDashboard.tsx(1492,27): error TS2339: Property 'div' does not exist on type 'JSX.IntrinsicElements'.
src/pages/AdminDashboard.tsx(1493,29): error TS2339: Property 'label' does not exist on type 'JSX.IntrinsicElements'.
src/pages/AdminDashboard.tsx(1493,122): error TS2339: Property 'label' does not exist on type 'JSX.IntrinsicElements'.
src/pages/AdminDashboard.tsx(1494,29): error TS2339: Property 'input' does not exist on type 'JSX.IntrinsicElements'.
src/pages/AdminDashboard.tsx(1497,27): error TS2339: Property 'div' does not exist on type 'JSX.IntrinsicElements'.
src/pages/AdminDashboard.tsx(1498,25): error TS2339: Property 'div' does not exist on type 'JSX.IntrinsicElements'.
src/pages/AdminDashboard.tsx(1499,25): error TS2339: Property 'div' does not exist on type 'JSX.IntrinsicElements'.
src/pages/AdminDashboard.tsx(1500,27): error TS2339: Property 'label' does not exist on type 'JSX.IntrinsicElements'.
src/pages/AdminDashboard.tsx(1500,120): error TS2339: Property 'label' does not exist on type 'JSX.IntrinsicElements'.
src/pages/AdminDashboard.tsx(1501,27): error TS2339: Property 'select' does not exist on type 'JSX.IntrinsicElements'.
src/pages/AdminDashboard.tsx(1504,29): error TS2339: Property 'option' does not exist on type 'JSX.IntrinsicElements'.
src/pages/AdminDashboard.tsx(1504,59): error TS2339: Property 'option' does not exist on type 'JSX.IntrinsicElements'.
src/pages/AdminDashboard.tsx(1505,53): error TS2339: Property 'option' does not exist on type 'JSX.IntrinsicElements'.
src/pages/AdminDashboard.tsx(1505,93): error TS2339: Property 'option' does not exist on type 'JSX.IntrinsicElements'.
src/pages/AdminDashboard.tsx(1506,27): error TS2339: Property 'select' does not exist on type 'JSX.IntrinsicElements'.
src/pages/AdminDashboard.tsx(1507,25): error TS2339: Property 'div' does not exist on type 'JSX.IntrinsicElements'.
src/pages/AdminDashboard.tsx(1508,23): error TS2339: Property 'div' does not exist on type 'JSX.IntrinsicElements'.
src/pages/AdminDashboard.tsx(1513,23): error TS2339: Property 'div' does not exist on type 'JSX.IntrinsicElements'.
src/pages/AdminDashboard.tsx(1514,25): error TS2339: Property 'div' does not exist on type 'JSX.IntrinsicElements'.
src/pages/AdminDashboard.tsx(1515,27): error TS2339: Property 'div' does not exist on type 'JSX.IntrinsicElements'.
src/pages/AdminDashboard.tsx(1516,27): error TS2339: Property 'p' does not exist on type 'JSX.IntrinsicElements'.
src/pages/AdminDashboard.tsx(1516,128): error TS2339: Property 'p' does not exist on type 'JSX.IntrinsicElements'.
src/pages/AdminDashboard.tsx(1517,25): error TS2339: Property 'div' does not exist on type 'JSX.IntrinsicElements'.
src/pages/AdminDashboard.tsx(1518,25): error TS2339: Property 'textarea' does not exist on type 'JSX.IntrinsicElements'.
src/pages/AdminDashboard.tsx(1524,23): error TS2339: Property 'div' does not exist on type 'JSX.IntrinsicElements'.
src/pages/AdminDashboard.tsx(1526,19): error TS2339: Property 'div' does not exist on type 'JSX.IntrinsicElements'.
src/pages/AdminDashboard.tsx(1529,19): error TS2339: Property 'div' does not exist on type 'JSX.IntrinsicElements'.
src/pages/AdminDashboard.tsx(1530,21): error TS2339: Property 'button' does not exist on type 'JSX.IntrinsicElements'.
src/pages/AdminDashboard.tsx(1532,21): error TS2339: Property 'button' does not exist on type 'JSX.IntrinsicElements'.
src/pages/AdminDashboard.tsx(1533,21): error TS2339: Property 'button' does not exist on type 'JSX.IntrinsicElements'.
src/pages/AdminDashboard.tsx(1546,21): error TS2339: Property 'button' does not exist on type 'JSX.IntrinsicElements'.
src/pages/AdminDashboard.tsx(1547,19): error TS2339: Property 'div' does not exist on type 'JSX.IntrinsicElements'.
src/pages/AdminDashboard.tsx(1549,15): error TS2339: Property 'div' does not exist on type 'JSX.IntrinsicElements'.
src/pages/AdminDashboard.tsx(1576,15): error TS2339: Property 'div' does not exist on type 'JSX.IntrinsicElements'.
src/pages/AdminDashboard.tsx(1579,19): error TS2339: Property 'div' does not exist on type 'JSX.IntrinsicElements'.
src/pages/AdminDashboard.tsx(1580,21): error TS2339: Property 'div' does not exist on type 'JSX.IntrinsicElements'.
src/pages/AdminDashboard.tsx(1581,23): error TS2339: Property 'h3' does not exist on type 'JSX.IntrinsicElements'.
src/pages/AdminDashboard.tsx(1581,84): error TS2339: Property 'h3' does not exist on type 'JSX.IntrinsicElements'.
src/pages/AdminDashboard.tsx(1582,23): error TS2339: Property 'p' does not exist on type 'JSX.IntrinsicElements'.
src/pages/AdminDashboard.tsx(1582,116): error TS2339: Property 'p' does not exist on type 'JSX.IntrinsicElements'.
src/pages/AdminDashboard.tsx(1583,21): error TS2339: Property 'div' does not exist on type 'JSX.IntrinsicElements'.
src/pages/AdminDashboard.tsx(1584,21): error TS2339: Property 'button' does not exist on type 'JSX.IntrinsicElements'.
src/pages/AdminDashboard.tsx(1586,21): error TS2339: Property 'button' does not exist on type 'JSX.IntrinsicElements'.
src/pages/AdminDashboard.tsx(1587,19): error TS2339: Property 'div' does not exist on type 'JSX.IntrinsicElements'.
src/pages/AdminDashboard.tsx(1590,19): error TS2339: Property 'div' does not exist on type 'JSX.IntrinsicElements'.
src/pages/AdminDashboard.tsx(1591,21): error TS2339: Property 'div' does not exist on type 'JSX.IntrinsicElements'.
src/pages/AdminDashboard.tsx(1592,23): error TS2339: Property 'div' does not exist on type 'JSX.IntrinsicElements'.
src/pages/AdminDashboard.tsx(1593,25): error TS2339: Property 'svg' does not exist on type 'JSX.IntrinsicElements'.
src/pages/AdminDashboard.tsx(1594,27): error TS2339: Property 'path' does not exist on type 'JSX.IntrinsicElements'.
src/pages/AdminDashboard.tsx(1594,52): error TS2339: Property 'path' does not exist on type 'JSX.IntrinsicElements'.
src/pages/AdminDashboard.tsx(1594,86): error TS2339: Property 'path' does not exist on type 'JSX.IntrinsicElements'.
src/pages/AdminDashboard.tsx(1594,112): error TS2339: Property 'path' does not exist on type 'JSX.IntrinsicElements'.
src/pages/AdminDashboard.tsx(1595,25): error TS2339: Property 'svg' does not exist on type 'JSX.IntrinsicElements'.
src/pages/AdminDashboard.tsx(1596,23): error TS2339: Property 'div' does not exist on type 'JSX.IntrinsicElements'.
src/pages/AdminDashboard.tsx(1597,23): error TS2339: Property 'div' does not exist on type 'JSX.IntrinsicElements'.
src/pages/AdminDashboard.tsx(1598,25): error TS2339: Property 'p' does not exist on type 'JSX.IntrinsicElements'.
src/pages/AdminDashboard.tsx(1598,112): error TS2339: Property 'p' does not exist on type 'JSX.IntrinsicElements'.
src/pages/AdminDashboard.tsx(1599,25): error TS2339: Property 'p' does not exist on type 'JSX.IntrinsicElements'.
src/pages/AdminDashboard.tsx(1599,85): error TS2339: Property 'p' does not exist on type 'JSX.IntrinsicElements'.
src/pages/AdminDashboard.tsx(1600,23): error TS2339: Property 'div' does not exist on type 'JSX.IntrinsicElements'.
src/pages/AdminDashboard.tsx(1601,21): error TS2339: Property 'div' does not exist on type 'JSX.IntrinsicElements'.
src/pages/AdminDashboard.tsx(1602,21): error TS2339: Property 'p' does not exist on type 'JSX.IntrinsicElements'.
src/pages/AdminDashboard.tsx(1604,21): error TS2339: Property 'p' does not exist on type 'JSX.IntrinsicElements'.
src/pages/AdminDashboard.tsx(1605,19): error TS2339: Property 'div' does not exist on type 'JSX.IntrinsicElements'.
src/pages/AdminDashboard.tsx(1608,19): error TS2339: Property 'div' does not exist on type 'JSX.IntrinsicElements'.
src/pages/AdminDashboard.tsx(1610,23): error TS2339: Property 'button' does not exist on type 'JSX.IntrinsicElements'.
src/pages/AdminDashboard.tsx(1626,25): error TS2339: Property 'span' does not exist on type 'JSX.IntrinsicElements'.
src/pages/AdminDashboard.tsx(1626,80): error TS2339: Property 'span' does not exist on type 'JSX.IntrinsicElements'.
src/pages/AdminDashboard.tsx(1628,23): error TS2339: Property 'button' does not exist on type 'JSX.IntrinsicElements'.
src/pages/AdminDashboard.tsx(1630,19): error TS2339: Property 'div' does not exist on type 'JSX.IntrinsicElements'.
src/pages/AdminDashboard.tsx(1632,15): error TS2339: Property 'div' does not exist on type 'JSX.IntrinsicElements'.
src/pages/AdminDashboard.tsx(1649,15): error TS2339: Property 'div' does not exist on type 'JSX.IntrinsicElements'.
src/pages/AdminDashboard.tsx(1652,19): error TS2339: Property 'div' does not exist on type 'JSX.IntrinsicElements'.
src/pages/AdminDashboard.tsx(1653,21): error TS2339: Property 'div' does not exist on type 'JSX.IntrinsicElements'.
src/pages/AdminDashboard.tsx(1654,23): error TS2339: Property 'h3' does not exist on type 'JSX.IntrinsicElements'.
src/pages/AdminDashboard.tsx(1654,91): error TS2339: Property 'h3' does not exist on type 'JSX.IntrinsicElements'.
src/pages/AdminDashboard.tsx(1655,23): error TS2339: Property 'p' does not exist on type 'JSX.IntrinsicElements'.
src/pages/AdminDashboard.tsx(1655,114): error TS2339: Property 'p' does not exist on type 'JSX.IntrinsicElements'.
src/pages/AdminDashboard.tsx(1656,21): error TS2339: Property 'div' does not exist on type 'JSX.IntrinsicElements'.
src/pages/AdminDashboard.tsx(1657,21): error TS2339: Property 'button' does not exist on type 'JSX.IntrinsicElements'.
src/pages/AdminDashboard.tsx(1659,21): error TS2339: Property 'button' does not exist on type 'JSX.IntrinsicElements'.
src/pages/AdminDashboard.tsx(1660,19): error TS2339: Property 'div' does not exist on type 'JSX.IntrinsicElements'.
src/pages/AdminDashboard.tsx(1662,19): error TS2339: Property 'div' does not exist on type 'JSX.IntrinsicElements'.
src/pages/AdminDashboard.tsx(1664,21): error TS2339: Property 'div' does not exist on type 'JSX.IntrinsicElements'.
src/pages/AdminDashboard.tsx(1665,23): error TS2339: Property 'p' does not exist on type 'JSX.IntrinsicElements'.
src/pages/AdminDashboard.tsx(1665,170): error TS2339: Property 'p' does not exist on type 'JSX.IntrinsicElements'.
src/pages/AdminDashboard.tsx(1666,23): error TS2339: Property 'div' does not exist on type 'JSX.IntrinsicElements'.
src/pages/AdminDashboard.tsx(1667,25): error TS2339: Property 'select' does not exist on type 'JSX.IntrinsicElements'.
src/pages/AdminDashboard.tsx(1672,46): error TS2339: Property 'option' does not exist on type 'JSX.IntrinsicElements'.
src/pages/AdminDashboard.tsx(1672,75): error TS2339: Property 'option' does not exist on type 'JSX.IntrinsicElements'.
src/pages/AdminDashboard.tsx(1673,25): error TS2339: Property 'select' does not exist on type 'JSX.IntrinsicElements'.
src/pages/AdminDashboard.tsx(1674,25): error TS2339: Property 'div' does not exist on type 'JSX.IntrinsicElements'.
src/pages/AdminDashboard.tsx(1675,27): error TS2339: Property 'div' does not exist on type 'JSX.IntrinsicElements'.
src/pages/AdminDashboard.tsx(1676,29): error TS2339: Property 'p' does not exist on type 'JSX.IntrinsicElements'.
src/pages/AdminDashboard.tsx(1676,118): error TS2339: Property 'p' does not exist on type 'JSX.IntrinsicElements'.
src/pages/AdminDashboard.tsx(1677,29): error TS2339: Property 'input' does not exist on type 'JSX.IntrinsicElements'.
src/pages/AdminDashboard.tsx(1682,27): error TS2339: Property 'div' does not exist on type 'JSX.IntrinsicElements'.
src/pages/AdminDashboard.tsx(1683,27): error TS2339: Property 'div' does not exist on type 'JSX.IntrinsicElements'.
src/pages/AdminDashboard.tsx(1684,29): error TS2339: Property 'p' does not exist on type 'JSX.IntrinsicElements'.
src/pages/AdminDashboard.tsx(1684,119): error TS2339: Property 'p' does not exist on type 'JSX.IntrinsicElements'.
src/pages/AdminDashboard.tsx(1685,29): error TS2339: Property 'div' does not exist on type 'JSX.IntrinsicElements'.
src/pages/AdminDashboard.tsx(1687,29): error TS2339: Property 'div' does not exist on type 'JSX.IntrinsicElements'.
src/pages/AdminDashboard.tsx(1688,27): error TS2339: Property 'div' does not exist on type 'JSX.IntrinsicElements'.
src/pages/AdminDashboard.tsx(1689,25): error TS2339: Property 'div' does not exist on type 'JSX.IntrinsicElements'.
src/pages/AdminDashboard.tsx(1690,23): error TS2339: Property 'div' does not exist on type 'JSX.IntrinsicElements'.
src/pages/AdminDashboard.tsx(1691,21): error TS2339: Property 'div' does not exist on type 'JSX.IntrinsicElements'.
src/pages/AdminDashboard.tsx(1694,21): error TS2339: Property 'div' does not exist on type 'JSX.IntrinsicElements'.
src/pages/AdminDashboard.tsx(1695,23): error TS2339: Property 'div' does not exist on type 'JSX.IntrinsicElements'.
src/pages/AdminDashboard.tsx(1696,25): error TS2339: Property 'svg' does not exist on type 'JSX.IntrinsicElements'.
src/pages/AdminDashboard.tsx(1697,27): error TS2339: Property 'path' does not exist on type 'JSX.IntrinsicElements'.
src/pages/AdminDashboard.tsx(1697,52): error TS2339: Property 'path' does not exist on type 'JSX.IntrinsicElements'.
src/pages/AdminDashboard.tsx(1698,25): error TS2339: Property 'svg' does not exist on type 'JSX.IntrinsicElements'.
src/pages/AdminDashboard.tsx(1699,25): error TS2339: Property 'p' does not exist on type 'JSX.IntrinsicElements'.
src/pages/AdminDashboard.tsx(1699,114): error TS2339: Property 'p' does not exist on type 'JSX.IntrinsicElements'.
src/pages/AdminDashboard.tsx(1700,23): error TS2339: Property 'div' does not exist on type 'JSX.IntrinsicElements'.
src/pages/AdminDashboard.tsx(1701,23): error TS2339: Property 'div' does not exist on type 'JSX.IntrinsicElements'.
src/pages/AdminDashboard.tsx(1702,25): error TS2339: Property 'button' does not exist on type 'JSX.IntrinsicElements'.
src/pages/AdminDashboard.tsx(1708,27): error TS2339: Property 'p' does not exist on type 'JSX.IntrinsicElements'.
src/pages/AdminDashboard.tsx(1708,175): error TS2339: Property 'p' does not exist on type 'JSX.IntrinsicElements'.
src/pages/AdminDashboard.tsx(1709,27): error TS2339: Property 'div' does not exist on type 'JSX.IntrinsicElements'.
src/pages/AdminDashboard.tsx(1710,29): error TS2339: Property 'input' does not exist on type 'JSX.IntrinsicElements'.
src/pages/AdminDashboard.tsx(1716,29): error TS2339: Property 'span' does not exist on type 'JSX.IntrinsicElements'.
src/pages/AdminDashboard.tsx(1716,97): error TS2339: Property 'span' does not exist on type 'JSX.IntrinsicElements'.
src/pages/AdminDashboard.tsx(1717,27): error TS2339: Property 'div' does not exist on type 'JSX.IntrinsicElements'.
src/pages/AdminDashboard.tsx(1718,25): error TS2339: Property 'button' does not exist on type 'JSX.IntrinsicElements'.
src/pages/AdminDashboard.tsx(1719,25): error TS2339: Property 'button' does not exist on type 'JSX.IntrinsicElements'.
src/pages/AdminDashboard.tsx(1725,27): error TS2339: Property 'p' does not exist on type 'JSX.IntrinsicElements'.
src/pages/AdminDashboard.tsx(1725,173): error TS2339: Property 'p' does not exist on type 'JSX.IntrinsicElements'.
src/pages/AdminDashboard.tsx(1726,27): error TS2339: Property 'input' does not exist on type 'JSX.IntrinsicElements'.
src/pages/AdminDashboard.tsx(1732,25): error TS2339: Property 'button' does not exist on type 'JSX.IntrinsicElements'.
src/pages/AdminDashboard.tsx(1733,23): error TS2339: Property 'div' does not exist on type 'JSX.IntrinsicElements'.
src/pages/AdminDashboard.tsx(1734,21): error TS2339: Property 'div' does not exist on type 'JSX.IntrinsicElements'.
src/pages/AdminDashboard.tsx(1737,21): error TS2339: Property 'div' does not exist on type 'JSX.IntrinsicElements'.
src/pages/AdminDashboard.tsx(1738,23): error TS2339: Property 'button' does not exist on type 'JSX.IntrinsicElements'.
src/pages/AdminDashboard.tsx(1743,23): error TS2339: Property 'button' does not exist on type 'JSX.IntrinsicElements'.
src/pages/AdminDashboard.tsx(1744,23): error TS2339: Property 'button' does not exist on type 'JSX.IntrinsicElements'.
src/pages/AdminDashboard.tsx(1754,23): error TS2339: Property 'button' does not exist on type 'JSX.IntrinsicElements'.
src/pages/AdminDashboard.tsx(1755,21): error TS2339: Property 'div' does not exist on type 'JSX.IntrinsicElements'.
src/pages/AdminDashboard.tsx(1756,19): error TS2339: Property 'div' does not exist on type 'JSX.IntrinsicElements'.
src/pages/AdminDashboard.tsx(1758,15): error TS2339: Property 'div' does not exist on type 'JSX.IntrinsicElements'.
src/pages/AdminDashboard.tsx(1775,15): error TS2339: Property 'div' does not exist on type 'JSX.IntrinsicElements'.
src/pages/AdminDashboard.tsx(1780,19): error TS2339: Property 'div' does not exist on type 'JSX.IntrinsicElements'.
src/pages/AdminDashboard.tsx(1781,21): error TS2339: Property 'div' does not exist on type 'JSX.IntrinsicElements'.
src/pages/AdminDashboard.tsx(1782,23): error TS2339: Property 'h2' does not exist on type 'JSX.IntrinsicElements'.
src/pages/AdminDashboard.tsx(1782,85): error TS2339: Property 'h2' does not exist on type 'JSX.IntrinsicElements'.
src/pages/AdminDashboard.tsx(1783,23): error TS2339: Property 'p' does not exist on type 'JSX.IntrinsicElements'.
src/pages/AdminDashboard.tsx(1783,123): error TS2339: Property 'p' does not exist on type 'JSX.IntrinsicElements'.
src/pages/AdminDashboard.tsx(1784,21): error TS2339: Property 'div' does not exist on type 'JSX.IntrinsicElements'.
src/pages/AdminDashboard.tsx(1785,21): error TS2339: Property 'button' does not exist on type 'JSX.IntrinsicElements'.
src/pages/AdminDashboard.tsx(1787,21): error TS2339: Property 'button' does not exist on type 'JSX.IntrinsicElements'.
src/pages/AdminDashboard.tsx(1788,19): error TS2339: Property 'div' does not exist on type 'JSX.IntrinsicElements'.
src/pages/AdminDashboard.tsx(1791,19): error TS2339: Property 'div' does not exist on type 'JSX.IntrinsicElements'.
src/pages/AdminDashboard.tsx(1793,21): error TS2339: Property 'div' does not exist on type 'JSX.IntrinsicElements'.
src/pages/AdminDashboard.tsx(1794,23): error TS2339: Property 'div' does not exist on type 'JSX.IntrinsicElements'.
src/pages/AdminDashboard.tsx(1795,25): error TS2339: Property 'div' does not exist on type 'JSX.IntrinsicElements'.
src/pages/AdminDashboard.tsx(1796,25): error TS2339: Property 'p' does not exist on type 'JSX.IntrinsicElements'.
src/pages/AdminDashboard.tsx(1796,110): error TS2339: Property 'p' does not exist on type 'JSX.IntrinsicElements'.
src/pages/AdminDashboard.tsx(1797,23): error TS2339: Property 'div' does not exist on type 'JSX.IntrinsicElements'.
src/pages/AdminDashboard.tsx(1799,23): error TS2339: Property 'div' does not exist on type 'JSX.IntrinsicElements'.
src/pages/AdminDashboard.tsx(1800,25): error TS2339: Property 'div' does not exist on type 'JSX.IntrinsicElements'.
src/pages/AdminDashboard.tsx(1800,115): error TS2339: Property 'div' does not exist on type 'JSX.IntrinsicElements'.
src/pages/AdminDashboard.tsx(1801,25): error TS2339: Property 'input' does not exist on type 'JSX.IntrinsicElements'.
src/pages/AdminDashboard.tsx(1807,25): error TS2339: Property 'div' does not exist on type 'JSX.IntrinsicElements'.
src/pages/AdminDashboard.tsx(1807,117): error TS2339: Property 'div' does not exist on type 'JSX.IntrinsicElements'.
src/pages/AdminDashboard.tsx(1809,27): error TS2339: Property 'div' does not exist on type 'JSX.IntrinsicElements'.
src/pages/AdminDashboard.tsx(1811,31): error TS2339: Property 'button' does not exist on type 'JSX.IntrinsicElements'.
src/pages/AdminDashboard.tsx(1813,33): error TS2339: Property 'div' does not exist on type 'JSX.IntrinsicElements'.
src/pages/AdminDashboard.tsx(1814,35): error TS2339: Property 'div' does not exist on type 'JSX.IntrinsicElements'.
src/pages/AdminDashboard.tsx(1815,37): error TS2339: Property 'div' does not exist on type 'JSX.IntrinsicElements'.
src/pages/AdminDashboard.tsx(1817,37): error TS2339: Property 'div' does not exist on type 'JSX.IntrinsicElements'.
src/pages/AdminDashboard.tsx(1818,37): error TS2339: Property 'div' does not exist on type 'JSX.IntrinsicElements'.
src/pages/AdminDashboard.tsx(1819,39): error TS2339: Property 'p' does not exist on type 'JSX.IntrinsicElements'.
src/pages/AdminDashboard.tsx(1819,86): error TS2339: Property 'p' does not exist on type 'JSX.IntrinsicElements'.
src/pages/AdminDashboard.tsx(1820,39): error TS2339: Property 'p' does not exist on type 'JSX.IntrinsicElements'.
src/pages/AdminDashboard.tsx(1820,89): error TS2339: Property 'p' does not exist on type 'JSX.IntrinsicElements'.
src/pages/AdminDashboard.tsx(1821,37): error TS2339: Property 'div' does not exist on type 'JSX.IntrinsicElements'.
src/pages/AdminDashboard.tsx(1822,35): error TS2339: Property 'div' does not exist on type 'JSX.IntrinsicElements'.
src/pages/AdminDashboard.tsx(1823,33): error TS2339: Property 'div' does not exist on type 'JSX.IntrinsicElements'.
src/pages/AdminDashboard.tsx(1824,31): error TS2339: Property 'button' does not exist on type 'JSX.IntrinsicElements'.
src/pages/AdminDashboard.tsx(1826,29): error TS2339: Property 'button' does not exist on type 'JSX.IntrinsicElements'.
src/pages/AdminDashboard.tsx(1829,29): error TS2339: Property 'button' does not exist on type 'JSX.IntrinsicElements'.
src/pages/AdminDashboard.tsx(1830,27): error TS2339: Property 'div' does not exist on type 'JSX.IntrinsicElements'.
src/pages/AdminDashboard.tsx(1832,23): error TS2339: Property 'div' does not exist on type 'JSX.IntrinsicElements'.
src/pages/AdminDashboard.tsx(1834,25): error TS2339: Property 'p' does not exist on type 'JSX.IntrinsicElements'.
src/pages/AdminDashboard.tsx(1836,25): error TS2339: Property 'p' does not exist on type 'JSX.IntrinsicElements'.
src/pages/AdminDashboard.tsx(1841,25): error TS2339: Property 'div' does not exist on type 'JSX.IntrinsicElements'.
src/pages/AdminDashboard.tsx(1842,27): error TS2339: Property 'div' does not exist on type 'JSX.IntrinsicElements'.
src/pages/AdminDashboard.tsx(1843,29): error TS2339: Property 'label' does not exist on type 'JSX.IntrinsicElements'.
src/pages/AdminDashboard.tsx(1843,119): error TS2339: Property 'label' does not exist on type 'JSX.IntrinsicElements'.
src/pages/AdminDashboard.tsx(1844,29): error TS2339: Property 'input' does not exist on type 'JSX.IntrinsicElements'.
src/pages/AdminDashboard.tsx(1850,27): error TS2339: Property 'div' does not exist on type 'JSX.IntrinsicElements'.
src/pages/AdminDashboard.tsx(1851,27): error TS2339: Property 'div' does not exist on type 'JSX.IntrinsicElements'.
src/pages/AdminDashboard.tsx(1852,29): error TS2339: Property 'label' does not exist on type 'JSX.IntrinsicElements'.
src/pages/AdminDashboard.tsx(1852,113): error TS2339: Property 'label' does not exist on type 'JSX.IntrinsicElements'.
src/pages/AdminDashboard.tsx(1853,29): error TS2339: Property 'div' does not exist on type 'JSX.IntrinsicElements'.
src/pages/AdminDashboard.tsx(1855,29): error TS2339: Property 'div' does not exist on type 'JSX.IntrinsicElements'.
src/pages/AdminDashboard.tsx(1856,27): error TS2339: Property 'div' does not exist on type 'JSX.IntrinsicElements'.
src/pages/AdminDashboard.tsx(1857,27): error TS2339: Property 'p' does not exist on type 'JSX.IntrinsicElements'.
src/pages/AdminDashboard.tsx(1857,172): error TS2339: Property 'p' does not exist on type 'JSX.IntrinsicElements'.
src/pages/AdminDashboard.tsx(1858,25): error TS2339: Property 'div' does not exist on type 'JSX.IntrinsicElements'.
src/pages/AdminDashboard.tsx(1860,21): error TS2339: Property 'div' does not exist on type 'JSX.IntrinsicElements'.
src/pages/AdminDashboard.tsx(1863,21): error TS2339: Property 'div' does not exist on type 'JSX.IntrinsicElements'.
src/pages/AdminDashboard.tsx(1864,23): error TS2339: Property 'div' does not exist on type 'JSX.IntrinsicElements'.
src/pages/AdminDashboard.tsx(1865,25): error TS2339: Property 'div' does not exist on type 'JSX.IntrinsicElements'.
src/pages/AdminDashboard.tsx(1866,25): error TS2339: Property 'p' does not exist on type 'JSX.IntrinsicElements'.
src/pages/AdminDashboard.tsx(1866,119): error TS2339: Property 'p' does not exist on type 'JSX.IntrinsicElements'.
src/pages/AdminDashboard.tsx(1867,23): error TS2339: Property 'div' does not exist on type 'JSX.IntrinsicElements'.
src/pages/AdminDashboard.tsx(1869,23): error TS2339: Property 'div' does not exist on type 'JSX.IntrinsicElements'.
src/pages/AdminDashboard.tsx(1870,25): error TS2339: Property 'select' does not exist on type 'JSX.IntrinsicElements'.
src/pages/AdminDashboard.tsx(1875,27): error TS2339: Property 'option' does not exist on type 'JSX.IntrinsicElements'.
src/pages/AdminDashboard.tsx(1875,83): error TS2339: Property 'option' does not exist on type 'JSX.IntrinsicElements'.
src/pages/AdminDashboard.tsx(1877,29): error TS2339: Property 'option' does not exist on type 'JSX.IntrinsicElements'.
src/pages/AdminDashboard.tsx(1877,103): error TS2339: Property 'option' does not exist on type 'JSX.IntrinsicElements'.
src/pages/AdminDashboard.tsx(1879,25): error TS2339: Property 'select' does not exist on type 'JSX.IntrinsicElements'.
src/pages/AdminDashboard.tsx(1881,23): error TS2339: Property 'div' does not exist on type 'JSX.IntrinsicElements'.
src/pages/AdminDashboard.tsx(1883,23): error TS2339: Property 'div' does not exist on type 'JSX.IntrinsicElements'.
src/pages/AdminDashboard.tsx(1885,27): error TS2339: Property 'div' does not exist on type 'JSX.IntrinsicElements'.
src/pages/AdminDashboard.tsx(1886,29): error TS2339: Property 'div' does not exist on type 'JSX.IntrinsicElements'.
src/pages/AdminDashboard.tsx(1887,31): error TS2339: Property 'div' does not exist on type 'JSX.IntrinsicElements'.
src/pages/AdminDashboard.tsx(1889,31): error TS2339: Property 'div' does not exist on type 'JSX.IntrinsicElements'.
src/pages/AdminDashboard.tsx(1890,31): error TS2339: Property 'div' does not exist on type 'JSX.IntrinsicElements'.
src/pages/AdminDashboard.tsx(1891,33): error TS2339: Property 'span' does not exist on type 'JSX.IntrinsicElements'.
src/pages/AdminDashboard.tsx(1891,94): error TS2339: Property 'span' does not exist on type 'JSX.IntrinsicElements'.
src/pages/AdminDashboard.tsx(1892,33): error TS2339: Property 'span' does not exist on type 'JSX.IntrinsicElements'.
src/pages/AdminDashboard.tsx(1892,112): error TS2339: Property 'span' does not exist on type 'JSX.IntrinsicElements'.
src/pages/AdminDashboard.tsx(1893,31): error TS2339: Property 'div' does not exist on type 'JSX.IntrinsicElements'.
src/pages/AdminDashboard.tsx(1894,29): error TS2339: Property 'div' does not exist on type 'JSX.IntrinsicElements'.
src/pages/AdminDashboard.tsx(1895,29): error TS2339: Property 'div' does not exist on type 'JSX.IntrinsicElements'.
src/pages/AdminDashboard.tsx(1896,31): error TS2339: Property 'input' does not exist on type 'JSX.IntrinsicElements'.
src/pages/AdminDashboard.tsx(1903,31): error TS2339: Property 'span' does not exist on type 'JSX.IntrinsicElements'.
src/pages/AdminDashboard.tsx(1903,132): error TS2339: Property 'span' does not exist on type 'JSX.IntrinsicElements'.
src/pages/AdminDashboard.tsx(1904,31): error TS2339: Property 'button' does not exist on type 'JSX.IntrinsicElements'.
src/pages/AdminDashboard.tsx(1906,31): error TS2339: Property 'button' does not exist on type 'JSX.IntrinsicElements'.
src/pages/AdminDashboard.tsx(1907,29): error TS2339: Property 'div' does not exist on type 'JSX.IntrinsicElements'.
src/pages/AdminDashboard.tsx(1908,27): error TS2339: Property 'div' does not exist on type 'JSX.IntrinsicElements'.
src/pages/AdminDashboard.tsx(1911,27): error TS2339: Property 'div' does not exist on type 'JSX.IntrinsicElements'.
src/pages/AdminDashboard.tsx(1913,29): error TS2339: Property 'p' does not exist on type 'JSX.IntrinsicElements'.
src/pages/AdminDashboard.tsx(1913,128): error TS2339: Property 'p' does not exist on type 'JSX.IntrinsicElements'.
src/pages/AdminDashboard.tsx(1914,27): error TS2339: Property 'div' does not exist on type 'JSX.IntrinsicElements'.
src/pages/AdminDashboard.tsx(1916,23): error TS2339: Property 'div' does not exist on type 'JSX.IntrinsicElements'.
src/pages/AdminDashboard.tsx(1917,21): error TS2339: Property 'div' does not exist on type 'JSX.IntrinsicElements'.
src/pages/AdminDashboard.tsx(1920,21): error TS2339: Property 'div' does not exist on type 'JSX.IntrinsicElements'.
src/pages/AdminDashboard.tsx(1921,23): error TS2339: Property 'div' does not exist on type 'JSX.IntrinsicElements'.
src/pages/AdminDashboard.tsx(1922,25): error TS2339: Property 'div' does not exist on type 'JSX.IntrinsicElements'.
src/pages/AdminDashboard.tsx(1923,25): error TS2339: Property 'p' does not exist on type 'JSX.IntrinsicElements'.
src/pages/AdminDashboard.tsx(1923,112): error TS2339: Property 'p' does not exist on type 'JSX.IntrinsicElements'.
src/pages/AdminDashboard.tsx(1924,23): error TS2339: Property 'div' does not exist on type 'JSX.IntrinsicElements'.
src/pages/AdminDashboard.tsx(1926,23): error TS2339: Property 'div' does not exist on type 'JSX.IntrinsicElements'.
src/pages/AdminDashboard.tsx(1927,25): error TS2339: Property 'div' does not exist on type 'JSX.IntrinsicElements'.
src/pages/AdminDashboard.tsx(1928,27): error TS2339: Property 'label' does not exist on type 'JSX.IntrinsicElements'.
src/pages/AdminDashboard.tsx(1928,115): error TS2339: Property 'label' does not exist on type 'JSX.IntrinsicElements'.
src/pages/AdminDashboard.tsx(1929,27): error TS2339: Property 'div' does not exist on type 'JSX.IntrinsicElements'.
src/pages/AdminDashboard.tsx(1930,29): error TS2339: Property 'input' does not exist on type 'JSX.IntrinsicElements'.
src/pages/AdminDashboard.tsx(1936,29): error TS2339: Property 'select' does not exist on type 'JSX.IntrinsicElements'.
src/pages/AdminDashboard.tsx(1941,31): error TS2339: Property 'option' does not exist on type 'JSX.IntrinsicElements'.
src/pages/AdminDashboard.tsx(1941,55): error TS2339: Property 'option' does not exist on type 'JSX.IntrinsicElements'.
src/pages/AdminDashboard.tsx(1942,31): error TS2339: Property 'option' does not exist on type 'JSX.IntrinsicElements'.
src/pages/AdminDashboard.tsx(1942,59): error TS2339: Property 'option' does not exist on type 'JSX.IntrinsicElements'.
src/pages/AdminDashboard.tsx(1943,29): error TS2339: Property 'select' does not exist on type 'JSX.IntrinsicElements'.
src/pages/AdminDashboard.tsx(1944,27): error TS2339: Property 'div' does not exist on type 'JSX.IntrinsicElements'.
src/pages/AdminDashboard.tsx(1945,25): error TS2339: Property 'div' does not exist on type 'JSX.IntrinsicElements'.
src/pages/AdminDashboard.tsx(1946,25): error TS2339: Property 'div' does not exist on type 'JSX.IntrinsicElements'.
src/pages/AdminDashboard.tsx(1947,27): error TS2339: Property 'label' does not exist on type 'JSX.IntrinsicElements'.
src/pages/AdminDashboard.tsx(1947,112): error TS2339: Property 'label' does not exist on type 'JSX.IntrinsicElements'.
src/pages/AdminDashboard.tsx(1948,27): error TS2339: Property 'div' does not exist on type 'JSX.IntrinsicElements'.
src/pages/AdminDashboard.tsx(1950,27): error TS2339: Property 'div' does not exist on type 'JSX.IntrinsicElements'.
src/pages/AdminDashboard.tsx(1951,25): error TS2339: Property 'div' does not exist on type 'JSX.IntrinsicElements'.
src/pages/AdminDashboard.tsx(1952,23): error TS2339: Property 'div' does not exist on type 'JSX.IntrinsicElements'.
src/pages/AdminDashboard.tsx(1954,23): error TS2339: Property 'div' does not exist on type 'JSX.IntrinsicElements'.
src/pages/AdminDashboard.tsx(1955,25): error TS2339: Property 'label' does not exist on type 'JSX.IntrinsicElements'.
src/pages/AdminDashboard.tsx(1955,123): error TS2339: Property 'label' does not exist on type 'JSX.IntrinsicElements'.
src/pages/AdminDashboard.tsx(1956,25): error TS2339: Property 'div' does not exist on type 'JSX.IntrinsicElements'.
src/pages/AdminDashboard.tsx(1963,29): error TS2339: Property 'button' does not exist on type 'JSX.IntrinsicElements'.
src/pages/AdminDashboard.tsx(1975,29): error TS2339: Property 'button' does not exist on type 'JSX.IntrinsicElements'.
src/pages/AdminDashboard.tsx(1977,25): error TS2339: Property 'div' does not exist on type 'JSX.IntrinsicElements'.
src/pages/AdminDashboard.tsx(1978,23): error TS2339: Property 'div' does not exist on type 'JSX.IntrinsicElements'.
src/pages/AdminDashboard.tsx(1979,21): error TS2339: Property 'div' does not exist on type 'JSX.IntrinsicElements'.
src/pages/AdminDashboard.tsx(1980,19): error TS2339: Property 'div' does not exist on type 'JSX.IntrinsicElements'.
src/pages/AdminDashboard.tsx(1983,19): error TS2339: Property 'div' does not exist on type 'JSX.IntrinsicElements'.
src/pages/AdminDashboard.tsx(1984,21): error TS2339: Property 'button' does not exist on type 'JSX.IntrinsicElements'.
src/pages/AdminDashboard.tsx(1986,21): error TS2339: Property 'button' does not exist on type 'JSX.IntrinsicElements'.
src/pages/AdminDashboard.tsx(1987,21): error TS2339: Property 'button' does not exist on type 'JSX.IntrinsicElements'.
src/pages/AdminDashboard.tsx(1994,21): error TS2339: Property 'button' does not exist on type 'JSX.IntrinsicElements'.
src/pages/AdminDashboard.tsx(1995,19): error TS2339: Property 'div' does not exist on type 'JSX.IntrinsicElements'.
src/pages/AdminDashboard.tsx(1997,15): error TS2339: Property 'div' does not exist on type 'JSX.IntrinsicElements'.
src/pages/AdminDashboard.tsx(2004,9): error TS2339: Property 'div' does not exist on type 'JSX.IntrinsicElements'.
src/pages/AdminDashboard.tsx(2005,11): error TS2339: Property 'div' does not exist on type 'JSX.IntrinsicElements'.
src/pages/AdminDashboard.tsx(2006,13): error TS2339: Property 'label' does not exist on type 'JSX.IntrinsicElements'.
src/pages/AdminDashboard.tsx(2006,112): error TS2339: Property 'label' does not exist on type 'JSX.IntrinsicElements'.
src/pages/AdminDashboard.tsx(2007,13): error TS2339: Property 'input' does not exist on type 'JSX.IntrinsicElements'.
src/pages/AdminDashboard.tsx(2014,11): error TS2339: Property 'div' does not exist on type 'JSX.IntrinsicElements'.
src/pages/AdminDashboard.tsx(2015,11): error TS2339: Property 'div' does not exist on type 'JSX.IntrinsicElements'.
src/pages/AdminDashboard.tsx(2016,13): error TS2339: Property 'label' does not exist on type 'JSX.IntrinsicElements'.
src/pages/AdminDashboard.tsx(2016,120): error TS2339: Property 'label' does not exist on type 'JSX.IntrinsicElements'.
src/pages/AdminDashboard.tsx(2017,13): error TS2339: Property 'input' does not exist on type 'JSX.IntrinsicElements'.
src/pages/AdminDashboard.tsx(2024,11): error TS2339: Property 'div' does not exist on type 'JSX.IntrinsicElements'.
src/pages/AdminDashboard.tsx(2025,11): error TS2339: Property 'div' does not exist on type 'JSX.IntrinsicElements'.
src/pages/AdminDashboard.tsx(2026,13): error TS2339: Property 'label' does not exist on type 'JSX.IntrinsicElements'.
src/pages/AdminDashboard.tsx(2028,13): error TS2339: Property 'label' does not exist on type 'JSX.IntrinsicElements'.
src/pages/AdminDashboard.tsx(2029,13): error TS2339: Property 'div' does not exist on type 'JSX.IntrinsicElements'.
src/pages/AdminDashboard.tsx(2030,15): error TS2339: Property 'input' does not exist on type 'JSX.IntrinsicElements'.
src/pages/AdminDashboard.tsx(2037,15): error TS2339: Property 'button' does not exist on type 'JSX.IntrinsicElements'.
src/pages/AdminDashboard.tsx(2039,15): error TS2339: Property 'button' does not exist on type 'JSX.IntrinsicElements'.
src/pages/AdminDashboard.tsx(2040,13): error TS2339: Property 'div' does not exist on type 'JSX.IntrinsicElements'.
src/pages/AdminDashboard.tsx(2041,11): error TS2339: Property 'div' does not exist on type 'JSX.IntrinsicElements'.
src/pages/AdminDashboard.tsx(2042,11): error TS2339: Property 'div' does not exist on type 'JSX.IntrinsicElements'.
src/pages/AdminDashboard.tsx(2043,13): error TS2339: Property 'p' does not exist on type 'JSX.IntrinsicElements'.
src/pages/AdminDashboard.tsx(2043,75): error TS2339: Property 'span' does not exist on type 'JSX.IntrinsicElements'.
src/pages/AdminDashboard.tsx(2043,114): error TS2339: Property 'span' does not exist on type 'JSX.IntrinsicElements'.
src/pages/AdminDashboard.tsx(2043,139): error TS2339: Property 'p' does not exist on type 'JSX.IntrinsicElements'.
src/pages/AdminDashboard.tsx(2044,11): error TS2339: Property 'div' does not exist on type 'JSX.IntrinsicElements'.
src/pages/AdminDashboard.tsx(2052,9): error TS2339: Property 'div' does not exist on type 'JSX.IntrinsicElements'.
src/pages/AdminDashboard.tsx(2068,13): error TS2339: Property 'div' does not exist on type 'JSX.IntrinsicElements'.
src/pages/AdminDashboard.tsx(2070,15): error TS2339: Property 'div' does not exist on type 'JSX.IntrinsicElements'.
src/pages/AdminDashboard.tsx(2071,17): error TS2339: Property 'p' does not exist on type 'JSX.IntrinsicElements'.
src/pages/AdminDashboard.tsx(2071,160): error TS2339: Property 'span' does not exist on type 'JSX.IntrinsicElements'.
src/pages/AdminDashboard.tsx(2071,229): error TS2339: Property 'span' does not exist on type 'JSX.IntrinsicElements'.
src/pages/AdminDashboard.tsx(2071,236): error TS2339: Property 'p' does not exist on type 'JSX.IntrinsicElements'.
src/pages/AdminDashboard.tsx(2072,17): error TS2339: Property 'div' does not exist on type 'JSX.IntrinsicElements'.
src/pages/AdminDashboard.tsx(2073,19): error TS2339: Property 'div' does not exist on type 'JSX.IntrinsicElements'.
src/pages/AdminDashboard.tsx(2074,21): error TS2339: Property 'label' does not exist on type 'JSX.IntrinsicElements'.
src/pages/AdminDashboard.tsx(2074,61): error TS2339: Property 'label' does not exist on type 'JSX.IntrinsicElements'.
src/pages/AdminDashboard.tsx(2075,21): error TS2339: Property 'input' does not exist on type 'JSX.IntrinsicElements'.
src/pages/AdminDashboard.tsx(2077,19): error TS2339: Property 'div' does not exist on type 'JSX.IntrinsicElements'.
src/pages/AdminDashboard.tsx(2078,19): error TS2339: Property 'div' does not exist on type 'JSX.IntrinsicElements'.
src/pages/AdminDashboard.tsx(2079,21): error TS2339: Property 'div' does not exist on type 'JSX.IntrinsicElements'.
src/pages/AdminDashboard.tsx(2080,23): error TS2339: Property 'label' does not exist on type 'JSX.IntrinsicElements'.
src/pages/AdminDashboard.tsx(2080,58): error TS2339: Property 'label' does not exist on type 'JSX.IntrinsicElements'.
src/pages/AdminDashboard.tsx(2081,23): error TS2339: Property 'input' does not exist on type 'JSX.IntrinsicElements'.
src/pages/AdminDashboard.tsx(2083,21): error TS2339: Property 'div' does not exist on type 'JSX.IntrinsicElements'.
src/pages/AdminDashboard.tsx(2084,21): error TS2339: Property 'div' does not exist on type 'JSX.IntrinsicElements'.
src/pages/AdminDashboard.tsx(2085,23): error TS2339: Property 'label' does not exist on type 'JSX.IntrinsicElements'.
src/pages/AdminDashboard.tsx(2085,54): error TS2339: Property 'label' does not exist on type 'JSX.IntrinsicElements'.
src/pages/AdminDashboard.tsx(2086,23): error TS2339: Property 'input' does not exist on type 'JSX.IntrinsicElements'.
src/pages/AdminDashboard.tsx(2088,21): error TS2339: Property 'div' does not exist on type 'JSX.IntrinsicElements'.
src/pages/AdminDashboard.tsx(2089,19): error TS2339: Property 'div' does not exist on type 'JSX.IntrinsicElements'.
src/pages/AdminDashboard.tsx(2090,19): error TS2339: Property 'label' does not exist on type 'JSX.IntrinsicElements'.
src/pages/AdminDashboard.tsx(2091,21): error TS2339: Property 'div' does not exist on type 'JSX.IntrinsicElements'.
src/pages/AdminDashboard.tsx(2095,23): error TS2339: Property 'div' does not exist on type 'JSX.IntrinsicElements'.
src/pages/AdminDashboard.tsx(2096,21): error TS2339: Property 'div' does not exist on type 'JSX.IntrinsicElements'.
src/pages/AdminDashboard.tsx(2097,21): error TS2339: Property 'span' does not exist on type 'JSX.IntrinsicElements'.
src/pages/AdminDashboard.tsx(2097,177): error TS2339: Property 'span' does not exist on type 'JSX.IntrinsicElements'.
src/pages/AdminDashboard.tsx(2098,19): error TS2339: Property 'label' does not exist on type 'JSX.IntrinsicElements'.
src/pages/AdminDashboard.tsx(2099,17): error TS2339: Property 'div' does not exist on type 'JSX.IntrinsicElements'.
src/pages/AdminDashboard.tsx(2100,15): error TS2339: Property 'div' does not exist on type 'JSX.IntrinsicElements'.
src/pages/AdminDashboard.tsx(2103,15): error TS2339: Property 'div' does not exist on type 'JSX.IntrinsicElements'.
src/pages/AdminDashboard.tsx(2104,17): error TS2339: Property 'p' does not exist on type 'JSX.IntrinsicElements'.
src/pages/AdminDashboard.tsx(2104,167): error TS2339: Property 'p' does not exist on type 'JSX.IntrinsicElements'.
src/pages/AdminDashboard.tsx(2105,17): error TS2339: Property 'div' does not exist on type 'JSX.IntrinsicElements'.
src/pages/AdminDashboard.tsx(2106,19): error TS2339: Property 'div' does not exist on type 'JSX.IntrinsicElements'.
src/pages/AdminDashboard.tsx(2107,21): error TS2339: Property 'label' does not exist on type 'JSX.IntrinsicElements'.
src/pages/AdminDashboard.tsx(2107,49): error TS2339: Property 'label' does not exist on type 'JSX.IntrinsicElements'.
src/pages/AdminDashboard.tsx(2108,21): error TS2339: Property 'input' does not exist on type 'JSX.IntrinsicElements'.
src/pages/AdminDashboard.tsx(2110,19): error TS2339: Property 'div' does not exist on type 'JSX.IntrinsicElements'.
src/pages/AdminDashboard.tsx(2111,19): error TS2339: Property 'div' does not exist on type 'JSX.IntrinsicElements'.
src/pages/AdminDashboard.tsx(2112,21): error TS2339: Property 'label' does not exist on type 'JSX.IntrinsicElements'.
src/pages/AdminDashboard.tsx(2112,64): error TS2339: Property 'label' does not exist on type 'JSX.IntrinsicElements'.
src/pages/AdminDashboard.tsx(2113,21): error TS2339: Property 'input' does not exist on type 'JSX.IntrinsicElements'.
src/pages/AdminDashboard.tsx(2115,19): error TS2339: Property 'div' does not exist on type 'JSX.IntrinsicElements'.
src/pages/AdminDashboard.tsx(2116,17): error TS2339: Property 'div' does not exist on type 'JSX.IntrinsicElements'.
src/pages/AdminDashboard.tsx(2120,21): error TS2339: Property 'p' does not exist on type 'JSX.IntrinsicElements'.
src/pages/AdminDashboard.tsx(2122,21): error TS2339: Property 'p' does not exist on type 'JSX.IntrinsicElements'.
src/pages/AdminDashboard.tsx(2125,15): error TS2339: Property 'div' does not exist on type 'JSX.IntrinsicElements'.
src/pages/AdminDashboard.tsx(2128,15): error TS2339: Property 'div' does not exist on type 'JSX.IntrinsicElements'.
src/pages/AdminDashboard.tsx(2129,17): error TS2339: Property 'p' does not exist on type 'JSX.IntrinsicElements'.
src/pages/AdminDashboard.tsx(2129,158): error TS2339: Property 'p' does not exist on type 'JSX.IntrinsicElements'.
src/pages/AdminDashboard.tsx(2130,17): error TS2339: Property 'div' does not exist on type 'JSX.IntrinsicElements'.
src/pages/AdminDashboard.tsx(2131,19): error TS2339: Property 'div' does not exist on type 'JSX.IntrinsicElements'.
src/pages/AdminDashboard.tsx(2132,21): error TS2339: Property 'div' does not exist on type 'JSX.IntrinsicElements'.
src/pages/AdminDashboard.tsx(2133,23): error TS2339: Property 'label' does not exist on type 'JSX.IntrinsicElements'.
src/pages/AdminDashboard.tsx(2133,51): error TS2339: Property 'label' does not exist on type 'JSX.IntrinsicElements'.
src/pages/AdminDashboard.tsx(2134,23): error TS2339: Property 'div' does not exist on type 'JSX.IntrinsicElements'.
src/pages/AdminDashboard.tsx(2135,25): error TS2339: Property 'input' does not exist on type 'JSX.IntrinsicElements'.
src/pages/AdminDashboard.tsx(2142,42): error TS2339: Property 'div' does not exist on type 'JSX.IntrinsicElements'.
src/pages/AdminDashboard.tsx(2143,23): error TS2339: Property 'div' does not exist on type 'JSX.IntrinsicElements'.
src/pages/AdminDashboard.tsx(2144,21): error TS2339: Property 'div' does not exist on type 'JSX.IntrinsicElements'.
src/pages/AdminDashboard.tsx(2145,21): error TS2339: Property 'div' does not exist on type 'JSX.IntrinsicElements'.
src/pages/AdminDashboard.tsx(2146,23): error TS2339: Property 'label' does not exist on type 'JSX.IntrinsicElements'.
src/pages/AdminDashboard.tsx(2146,54): error TS2339: Property 'label' does not exist on type 'JSX.IntrinsicElements'.
src/pages/AdminDashboard.tsx(2147,23): error TS2339: Property 'input' does not exist on type 'JSX.IntrinsicElements'.
src/pages/AdminDashboard.tsx(2149,21): error TS2339: Property 'div' does not exist on type 'JSX.IntrinsicElements'.
src/pages/AdminDashboard.tsx(2150,19): error TS2339: Property 'div' does not exist on type 'JSX.IntrinsicElements'.
src/pages/AdminDashboard.tsx(2151,19): error TS2339: Property 'div' does not exist on type 'JSX.IntrinsicElements'.
src/pages/AdminDashboard.tsx(2152,21): error TS2339: Property 'label' does not exist on type 'JSX.IntrinsicElements'.
src/pages/AdminDashboard.tsx(2152,62): error TS2339: Property 'label' does not exist on type 'JSX.IntrinsicElements'.
src/pages/AdminDashboard.tsx(2153,21): error TS2339: Property 'input' does not exist on type 'JSX.IntrinsicElements'.
src/pages/AdminDashboard.tsx(2155,19): error TS2339: Property 'div' does not exist on type 'JSX.IntrinsicElements'.
src/pages/AdminDashboard.tsx(2156,19): error TS2339: Property 'div' does not exist on type 'JSX.IntrinsicElements'.
src/pages/AdminDashboard.tsx(2157,21): error TS2339: Property 'div' does not exist on type 'JSX.IntrinsicElements'.
src/pages/AdminDashboard.tsx(2158,23): error TS2339: Property 'label' does not exist on type 'JSX.IntrinsicElements'.
src/pages/AdminDashboard.tsx(2158,59): error TS2339: Property 'label' does not exist on type 'JSX.IntrinsicElements'.
src/pages/AdminDashboard.tsx(2159,23): error TS2339: Property 'input' does not exist on type 'JSX.IntrinsicElements'.
src/pages/AdminDashboard.tsx(2161,21): error TS2339: Property 'div' does not exist on type 'JSX.IntrinsicElements'.
src/pages/AdminDashboard.tsx(2162,21): error TS2339: Property 'div' does not exist on type 'JSX.IntrinsicElements'.
src/pages/AdminDashboard.tsx(2163,23): error TS2339: Property 'label' does not exist on type 'JSX.IntrinsicElements'.
src/pages/AdminDashboard.tsx(2163,54): error TS2339: Property 'label' does not exist on type 'JSX.IntrinsicElements'.
src/pages/AdminDashboard.tsx(2164,23): error TS2339: Property 'input' does not exist on type 'JSX.IntrinsicElements'.
src/pages/AdminDashboard.tsx(2166,21): error TS2339: Property 'div' does not exist on type 'JSX.IntrinsicElements'.
src/pages/AdminDashboard.tsx(2167,19): error TS2339: Property 'div' does not exist on type 'JSX.IntrinsicElements'.
src/pages/AdminDashboard.tsx(2168,19): error TS2339: Property 'div' does not exist on type 'JSX.IntrinsicElements'.
src/pages/AdminDashboard.tsx(2169,21): error TS2339: Property 'div' does not exist on type 'JSX.IntrinsicElements'.
src/pages/AdminDashboard.tsx(2170,23): error TS2339: Property 'label' does not exist on type 'JSX.IntrinsicElements'.
src/pages/AdminDashboard.tsx(2170,54): error TS2339: Property 'label' does not exist on type 'JSX.IntrinsicElements'.
src/pages/AdminDashboard.tsx(2171,23): error TS2339: Property 'input' does not exist on type 'JSX.IntrinsicElements'.
src/pages/AdminDashboard.tsx(2173,21): error TS2339: Property 'div' does not exist on type 'JSX.IntrinsicElements'.
src/pages/AdminDashboard.tsx(2174,21): error TS2339: Property 'div' does not exist on type 'JSX.IntrinsicElements'.
src/pages/AdminDashboard.tsx(2175,23): error TS2339: Property 'label' does not exist on type 'JSX.IntrinsicElements'.
src/pages/AdminDashboard.tsx(2175,50): error TS2339: Property 'label' does not exist on type 'JSX.IntrinsicElements'.
src/pages/AdminDashboard.tsx(2176,23): error TS2339: Property 'input' does not exist on type 'JSX.IntrinsicElements'.
src/pages/AdminDashboard.tsx(2178,21): error TS2339: Property 'div' does not exist on type 'JSX.IntrinsicElements'.
src/pages/AdminDashboard.tsx(2179,19): error TS2339: Property 'div' does not exist on type 'JSX.IntrinsicElements'.
src/pages/AdminDashboard.tsx(2180,17): error TS2339: Property 'div' does not exist on type 'JSX.IntrinsicElements'.
src/pages/AdminDashboard.tsx(2181,15): error TS2339: Property 'div' does not exist on type 'JSX.IntrinsicElements'.
src/pages/AdminDashboard.tsx(2184,15): error TS2339: Property 'div' does not exist on type 'JSX.IntrinsicElements'.
src/pages/AdminDashboard.tsx(2185,17): error TS2339: Property 'button' does not exist on type 'JSX.IntrinsicElements'.
src/pages/AdminDashboard.tsx(2190,19): error TS2339: Property 'p' does not exist on type 'JSX.IntrinsicElements'.
src/pages/AdminDashboard.tsx(2191,55): error TS2339: Property 'span' does not exist on type 'JSX.IntrinsicElements'.
src/pages/AdminDashboard.tsx(2191,121): error TS2339: Property 'span' does not exist on type 'JSX.IntrinsicElements'.
src/pages/AdminDashboard.tsx(2192,19): error TS2339: Property 'p' does not exist on type 'JSX.IntrinsicElements'.
src/pages/AdminDashboard.tsx(2194,17): error TS2339: Property 'button' does not exist on type 'JSX.IntrinsicElements'.
src/pages/AdminDashboard.tsx(2204,23): error TS2339: Property 'div' does not exist on type 'JSX.IntrinsicElements'.
src/pages/AdminDashboard.tsx(2205,25): error TS2339: Property 'div' does not exist on type 'JSX.IntrinsicElements'.
src/pages/AdminDashboard.tsx(2206,27): error TS2339: Property 'div' does not exist on type 'JSX.IntrinsicElements'.
src/pages/AdminDashboard.tsx(2207,29): error TS2339: Property 'label' does not exist on type 'JSX.IntrinsicElements'.
src/pages/AdminDashboard.tsx(2207,66): error TS2339: Property 'label' does not exist on type 'JSX.IntrinsicElements'.
src/pages/AdminDashboard.tsx(2208,29): error TS2339: Property 'select' does not exist on type 'JSX.IntrinsicElements'.
src/pages/AdminDashboard.tsx(2209,31): error TS2339: Property 'option' does not exist on type 'JSX.IntrinsicElements'.
src/pages/AdminDashboard.tsx(2209,58): error TS2339: Property 'option' does not exist on type 'JSX.IntrinsicElements'.
src/pages/AdminDashboard.tsx(2210,31): error TS2339: Property 'option' does not exist on type 'JSX.IntrinsicElements'.
src/pages/AdminDashboard.tsx(2210,67): error TS2339: Property 'option' does not exist on type 'JSX.IntrinsicElements'.
src/pages/AdminDashboard.tsx(2211,31): error TS2339: Property 'option' does not exist on type 'JSX.IntrinsicElements'.
src/pages/AdminDashboard.tsx(2211,63): error TS2339: Property 'option' does not exist on type 'JSX.IntrinsicElements'.
src/pages/AdminDashboard.tsx(2212,31): error TS2339: Property 'option' does not exist on type 'JSX.IntrinsicElements'.
src/pages/AdminDashboard.tsx(2212,71): error TS2339: Property 'option' does not exist on type 'JSX.IntrinsicElements'.
src/pages/AdminDashboard.tsx(2213,31): error TS2339: Property 'option' does not exist on type 'JSX.IntrinsicElements'.
src/pages/AdminDashboard.tsx(2213,61): error TS2339: Property 'option' does not exist on type 'JSX.IntrinsicElements'.
src/pages/AdminDashboard.tsx(2214,31): error TS2339: Property 'option' does not exist on type 'JSX.IntrinsicElements'.
src/pages/AdminDashboard.tsx(2214,74): error TS2339: Property 'option' does not exist on type 'JSX.IntrinsicElements'.
src/pages/AdminDashboard.tsx(2215,29): error TS2339: Property 'select' does not exist on type 'JSX.IntrinsicElements'.
src/pages/AdminDashboard.tsx(2216,27): error TS2339: Property 'div' does not exist on type 'JSX.IntrinsicElements'.
src/pages/AdminDashboard.tsx(2217,27): error TS2339: Property 'div' does not exist on type 'JSX.IntrinsicElements'.
src/pages/AdminDashboard.tsx(2218,29): error TS2339: Property 'label' does not exist on type 'JSX.IntrinsicElements'.
src/pages/AdminDashboard.tsx(2218,66): error TS2339: Property 'label' does not exist on type 'JSX.IntrinsicElements'.
src/pages/AdminDashboard.tsx(2219,29): error TS2339: Property 'select' does not exist on type 'JSX.IntrinsicElements'.
src/pages/AdminDashboard.tsx(2220,31): error TS2339: Property 'option' does not exist on type 'JSX.IntrinsicElements'.
src/pages/AdminDashboard.tsx(2220,58): error TS2339: Property 'option' does not exist on type 'JSX.IntrinsicElements'.
src/pages/AdminDashboard.tsx(2221,31): error TS2339: Property 'option' does not exist on type 'JSX.IntrinsicElements'.
src/pages/AdminDashboard.tsx(2221,73): error TS2339: Property 'option' does not exist on type 'JSX.IntrinsicElements'.
src/pages/AdminDashboard.tsx(2222,31): error TS2339: Property 'option' does not exist on type 'JSX.IntrinsicElements'.
src/pages/AdminDashboard.tsx(2222,67): error TS2339: Property 'option' does not exist on type 'JSX.IntrinsicElements'.
src/pages/AdminDashboard.tsx(2223,31): error TS2339: Property 'option' does not exist on type 'JSX.IntrinsicElements'.
src/pages/AdminDashboard.tsx(2223,64): error TS2339: Property 'option' does not exist on type 'JSX.IntrinsicElements'.
src/pages/AdminDashboard.tsx(2224,31): error TS2339: Property 'option' does not exist on type 'JSX.IntrinsicElements'.
src/pages/AdminDashboard.tsx(2224,64): error TS2339: Property 'option' does not exist on type 'JSX.IntrinsicElements'.
src/pages/AdminDashboard.tsx(2225,31): error TS2339: Property 'option' does not exist on type 'JSX.IntrinsicElements'.
src/pages/AdminDashboard.tsx(2225,64): error TS2339: Property 'option' does not exist on type 'JSX.IntrinsicElements'.
src/pages/AdminDashboard.tsx(2226,31): error TS2339: Property 'option' does not exist on type 'JSX.IntrinsicElements'.
src/pages/AdminDashboard.tsx(2226,66): error TS2339: Property 'option' does not exist on type 'JSX.IntrinsicElements'.
src/pages/AdminDashboard.tsx(2227,29): error TS2339: Property 'select' does not exist on type 'JSX.IntrinsicElements'.
src/pages/AdminDashboard.tsx(2228,27): error TS2339: Property 'div' does not exist on type 'JSX.IntrinsicElements'.
src/pages/AdminDashboard.tsx(2229,25): error TS2339: Property 'div' does not exist on type 'JSX.IntrinsicElements'.
src/pages/AdminDashboard.tsx(2230,25): error TS2339: Property 'div' does not exist on type 'JSX.IntrinsicElements'.
src/pages/AdminDashboard.tsx(2231,27): error TS2339: Property 'label' does not exist on type 'JSX.IntrinsicElements'.
src/pages/AdminDashboard.tsx(2232,29): error TS2339: Property 'div' does not exist on type 'JSX.IntrinsicElements'.
src/pages/AdminDashboard.tsx(2236,31): error TS2339: Property 'div' does not exist on type 'JSX.IntrinsicElements'.
src/pages/AdminDashboard.tsx(2237,29): error TS2339: Property 'div' does not exist on type 'JSX.IntrinsicElements'.
src/pages/AdminDashboard.tsx(2238,29): error TS2339: Property 'span' does not exist on type 'JSX.IntrinsicElements'.
src/pages/AdminDashboard.tsx(2238,160): error TS2339: Property 'span' does not exist on type 'JSX.IntrinsicElements'.
src/pages/AdminDashboard.tsx(2239,27): error TS2339: Property 'label' does not exist on type 'JSX.IntrinsicElements'.
src/pages/AdminDashboard.tsx(2240,27): error TS2339: Property 'label' does not exist on type 'JSX.IntrinsicElements'.
src/pages/AdminDashboard.tsx(2241,29): error TS2339: Property 'div' does not exist on type 'JSX.IntrinsicElements'.
src/pages/AdminDashboard.tsx(2245,31): error TS2339: Property 'div' does not exist on type 'JSX.IntrinsicElements'.
src/pages/AdminDashboard.tsx(2246,29): error TS2339: Property 'div' does not exist on type 'JSX.IntrinsicElements'.
src/pages/AdminDashboard.tsx(2247,29): error TS2339: Property 'span' does not exist on type 'JSX.IntrinsicElements'.
src/pages/AdminDashboard.tsx(2247,160): error TS2339: Property 'span' does not exist on type 'JSX.IntrinsicElements'.
src/pages/AdminDashboard.tsx(2248,27): error TS2339: Property 'label' does not exist on type 'JSX.IntrinsicElements'.
src/pages/AdminDashboard.tsx(2249,25): error TS2339: Property 'div' does not exist on type 'JSX.IntrinsicElements'.
src/pages/AdminDashboard.tsx(2251,27): error TS2339: Property 'div' does not exist on type 'JSX.IntrinsicElements'.
src/pages/AdminDashboard.tsx(2252,29): error TS2339: Property 'label' does not exist on type 'JSX.IntrinsicElements'.
src/pages/AdminDashboard.tsx(2252,69): error TS2339: Property 'label' does not exist on type 'JSX.IntrinsicElements'.
src/pages/AdminDashboard.tsx(2253,29): error TS2339: Property 'input' does not exist on type 'JSX.IntrinsicElements'.
src/pages/AdminDashboard.tsx(2255,27): error TS2339: Property 'div' does not exist on type 'JSX.IntrinsicElements'.
src/pages/AdminDashboard.tsx(2257,25): error TS2339: Property 'div' does not exist on type 'JSX.IntrinsicElements'.
src/pages/AdminDashboard.tsx(2258,27): error TS2339: Property 'label' does not exist on type 'JSX.IntrinsicElements'.
src/pages/AdminDashboard.tsx(2258,63): error TS2339: Property 'label' does not exist on type 'JSX.IntrinsicElements'.
src/pages/AdminDashboard.tsx(2259,27): error TS2339: Property 'textarea' does not exist on type 'JSX.IntrinsicElements'.
src/pages/AdminDashboard.tsx(2261,25): error TS2339: Property 'div' does not exist on type 'JSX.IntrinsicElements'.
src/pages/AdminDashboard.tsx(2262,23): error TS2339: Property 'div' does not exist on type 'JSX.IntrinsicElements'.
src/pages/AdminDashboard.tsx(2266,15): error TS2339: Property 'div' does not exist on type 'JSX.IntrinsicElements'.
src/pages/AdminDashboard.tsx(2275,13): error TS2339: Property 'div' does not exist on type 'JSX.IntrinsicElements'.
src/pages/AdminDashboard.tsx(2279,5): error TS2339: Property 'div' does not exist on type 'JSX.IntrinsicElements'.
src/pages/AdminDashboard.tsx(2285,5): error TS2339: Property 'button' does not exist on type 'JSX.IntrinsicElements'.
src/pages/AdminDashboard.tsx(2295,7): error TS2339: Property 'span' does not exist on type 'JSX.IntrinsicElements'.
src/pages/AdminDashboard.tsx(2295,20): error TS2339: Property 'span' does not exist on type 'JSX.IntrinsicElements'.
src/pages/AdminDashboard.tsx(2302,5): error TS2339: Property 'button' does not exist on type 'JSX.IntrinsicElements'.
